Component: ARM Compiler 5.06 update 6 (build 750) Tool: armlink [4d35ed]

==============================================================================

Section Cross References

    startup_stm32f103xb.o(RESET) refers to startup_stm32f103xb.o(STACK) for __initial_sp
    startup_stm32f103xb.o(RESET) refers to startup_stm32f103xb.o(.text) for Reset_Handler
    startup_stm32f103xb.o(RESET) refers to stm32f1xx_it.o(i.NMI_Handler) for NMI_Handler
    startup_stm32f103xb.o(RESET) refers to stm32f1xx_it.o(i.HardFault_Handler) for HardFault_Handler
    startup_stm32f103xb.o(RESET) refers to stm32f1xx_it.o(i.MemManage_Handler) for MemManage_Handler
    startup_stm32f103xb.o(RESET) refers to stm32f1xx_it.o(i.BusFault_Handler) for BusFault_Handler
    startup_stm32f103xb.o(RESET) refers to stm32f1xx_it.o(i.UsageFault_Handler) for UsageFault_Handler
    startup_stm32f103xb.o(RESET) refers to stm32f1xx_it.o(i.SVC_Handler) for SVC_Handler
    startup_stm32f103xb.o(RESET) refers to stm32f1xx_it.o(i.DebugMon_Handler) for DebugMon_Handler
    startup_stm32f103xb.o(RESET) refers to stm32f1xx_it.o(i.PendSV_Handler) for PendSV_Handler
    startup_stm32f103xb.o(RESET) refers to stm32f1xx_it.o(i.SysTick_Handler) for SysTick_Handler
    startup_stm32f103xb.o(RESET) refers to stm32f1xx_it.o(i.TIM2_IRQHandler) for TIM2_IRQHandler
    startup_stm32f103xb.o(RESET) refers to stm32f1xx_it.o(i.USART2_IRQHandler) for USART2_IRQHandler
    startup_stm32f103xb.o(.text) refers to system_stm32f1xx.o(i.SystemInit) for SystemInit
    startup_stm32f103xb.o(.text) refers to entry.o(.ARM.Collect$$$$00000000) for __main
    main.o(i.SystemClock_Config) refers to memseta.o(.text) for __aeabi_memclr4
    main.o(i.SystemClock_Config) refers to stm32f1xx_hal_rcc.o(i.HAL_RCC_OscConfig) for HAL_RCC_OscConfig
    main.o(i.SystemClock_Config) refers to stm32f1xx_hal_rcc.o(i.HAL_RCC_ClockConfig) for HAL_RCC_ClockConfig
    main.o(i.SystemClock_Config) refers to stm32f1xx_hal_rcc_ex.o(i.HAL_RCCEx_PeriphCLKConfig) for HAL_RCCEx_PeriphCLKConfig
    main.o(i.main) refers to stm32f1xx_hal.o(i.HAL_Init) for HAL_Init
    main.o(i.main) refers to main.o(i.SystemClock_Config) for SystemClock_Config
    main.o(i.main) refers to gpio.o(i.MX_GPIO_Init) for MX_GPIO_Init
    main.o(i.main) refers to i2c.o(i.MX_I2C1_Init) for MX_I2C1_Init
    main.o(i.main) refers to tim.o(i.MX_TIM2_Init) for MX_TIM2_Init
    main.o(i.main) refers to usart.o(i.MX_USART1_UART_Init) for MX_USART1_UART_Init
    main.o(i.main) refers to usart.o(i.MX_USART2_UART_Init) for MX_USART2_UART_Init
    main.o(i.main) refers to adc.o(i.MX_ADC1_Init) for MX_ADC1_Init
    main.o(i.main) refers to adc.o(i.MX_ADC2_Init) for MX_ADC2_Init
    main.o(i.main) refers to tim.o(i.MX_TIM1_Init) for MX_TIM1_Init
    main.o(i.main) refers to i2c.o(i.MX_I2C2_Init) for MX_I2C2_Init
    main.o(i.main) refers to main_program.o(i.user_init_program) for user_init_program
    main.o(i.main) refers to main_program.o(i.user_main_program) for user_main_program
    main.o(i.main) refers to yuzhi.o(i.limit_handle_init) for limit_handle_init
    main.o(i.main) refers to yuzhi.o(i.limit_handle) for limit_handle
    main.o(i.main) refers to yuzhi.o(i.limit_handle2) for limit_handle2
    main.o(i.main) refers to stm32f1xx_hal.o(i.HAL_Delay) for HAL_Delay
    gpio.o(i.MX_GPIO_Init) refers to stm32f1xx_hal_gpio.o(i.HAL_GPIO_WritePin) for HAL_GPIO_WritePin
    gpio.o(i.MX_GPIO_Init) refers to stm32f1xx_hal_gpio.o(i.HAL_GPIO_Init) for HAL_GPIO_Init
    adc.o(i.HAL_ADC_MspDeInit) refers to stm32f1xx_hal_gpio.o(i.HAL_GPIO_DeInit) for HAL_GPIO_DeInit
    adc.o(i.HAL_ADC_MspInit) refers to stm32f1xx_hal_gpio.o(i.HAL_GPIO_Init) for HAL_GPIO_Init
    adc.o(i.MX_ADC1_Init) refers to stm32f1xx_hal_adc.o(i.HAL_ADC_Init) for HAL_ADC_Init
    adc.o(i.MX_ADC1_Init) refers to main.o(i.Error_Handler) for Error_Handler
    adc.o(i.MX_ADC1_Init) refers to stm32f1xx_hal_adc.o(i.HAL_ADC_ConfigChannel) for HAL_ADC_ConfigChannel
    adc.o(i.MX_ADC1_Init) refers to adc.o(.bss) for .bss
    adc.o(i.MX_ADC2_Init) refers to stm32f1xx_hal_adc.o(i.HAL_ADC_Init) for HAL_ADC_Init
    adc.o(i.MX_ADC2_Init) refers to main.o(i.Error_Handler) for Error_Handler
    adc.o(i.MX_ADC2_Init) refers to stm32f1xx_hal_adc.o(i.HAL_ADC_ConfigChannel) for HAL_ADC_ConfigChannel
    adc.o(i.MX_ADC2_Init) refers to adc.o(.bss) for .bss
    i2c.o(i.HAL_I2C_MspDeInit) refers to stm32f1xx_hal_gpio.o(i.HAL_GPIO_DeInit) for HAL_GPIO_DeInit
    i2c.o(i.HAL_I2C_MspInit) refers to stm32f1xx_hal_gpio.o(i.HAL_GPIO_Init) for HAL_GPIO_Init
    i2c.o(i.MX_I2C1_Init) refers to stm32f1xx_hal_i2c.o(i.HAL_I2C_Init) for HAL_I2C_Init
    i2c.o(i.MX_I2C1_Init) refers to main.o(i.Error_Handler) for Error_Handler
    i2c.o(i.MX_I2C1_Init) refers to i2c.o(.bss) for .bss
    i2c.o(i.MX_I2C2_Init) refers to stm32f1xx_hal_i2c.o(i.HAL_I2C_Init) for HAL_I2C_Init
    i2c.o(i.MX_I2C2_Init) refers to main.o(i.Error_Handler) for Error_Handler
    i2c.o(i.MX_I2C2_Init) refers to i2c.o(.bss) for .bss
[...]
    I2C_MasterRequestWrite                   0x080033f9   Thumb Code   150  stm32f1xx_hal_i2c.o(i.I2C_MasterRequestWrite)
    i.I2C_WaitOnBTFFlagUntilTimeout          0x08003494   Section        0  stm32f1xx_hal_i2c.o(i.I2C_WaitOnBTFFlagUntilTimeout)
    I2C_WaitOnBTFFlagUntilTimeout            0x08003495   Thumb Code    86  stm32f1xx_hal_i2c.o(i.I2C_WaitOnBTFFlagUntilTimeout)
    i.I2C_WaitOnFlagUntilTimeout             0x080034ec   Section        0  stm32f1xx_hal_i2c.o(i.I2C_WaitOnFlagUntilTimeout)
    I2C_WaitOnFlagUntilTimeout               0x080034ed   Thumb Code   144  stm32f1xx_hal_i2c.o(i.I2C_WaitOnFlagUntilTimeout)
    i.I2C_WaitOnMasterAddressFlagUntilTimeout 0x0800357c   Section        0  stm32f1xx_hal_i2c.o(i.I2C_WaitOnMasterAddressFlagUntilTimeout)
    I2C_WaitOnMasterAddressFlagUntilTimeout  0x0800357d   Thumb Code   188  stm32f1xx_hal_i2c.o(i.I2C_WaitOnMasterAddressFlagUntilTimeout)
    i.I2C_WaitOnRXNEFlagUntilTimeout         0x08003638   Section        0  stm32f1xx_hal_i2c.o(i.I2C_WaitOnRXNEFlagUntilTimeout)
    I2C_WaitOnRXNEFlagUntilTimeout           0x08003639   Thumb Code   112  stm32f1xx_hal_i2c.o(i.I2C_WaitOnRXNEFlagUntilTimeout)
    i.I2C_WaitOnTXEFlagUntilTimeout          0x080036a8   Section        0  stm32f1xx_hal_i2c.o(i.I2C_WaitOnTXEFlagUntilTimeout)
    I2C_WaitOnTXEFlagUntilTimeout            0x080036a9   Thumb Code    86  stm32f1xx_hal_i2c.o(i.I2C_WaitOnTXEFlagUntilTimeout)
    i.JSON_SearchConst                       0x080036fe   Section        0  core_json.o(i.JSON_SearchConst)
    i.JSON_SearchT                           0x08003762   Section        0  core_json.o(i.JSON_SearchT)
    i.JSON_Validate                          0x08003774   Section        0  core_json.o(i.JSON_Validate)
    i.MX_ADC1_Init                           0x080037d4   Section        0  adc.o(i.MX_ADC1_Init)
    i.MX_ADC2_Init                           0x08003820   Section        0  adc.o(i.MX_ADC2_Init)
    i.MX_GPIO_Init                           0x0800386c   Section        0  gpio.o(i.MX_GPIO_Init)
    i.MX_I2C1_Init                           0x08003934   Section        0  i2c.o(i.MX_I2C1_Init)
    i.MX_I2C2_Init                           0x08003974   Section        0  i2c.o(i.MX_I2C2_Init)
    i.MX_TIM1_Init                           0x080039b4   Section        0  tim.o(i.MX_TIM1_Init)
    i.MX_TIM2_Init                           0x08003a54   Section        0  tim.o(i.MX_TIM2_Init)
    i.MX_USART1_UART_Init                    0x08003ab8   Section        0  usart.o(i.MX_USART1_UART_Init)
    i.MX_USART2_UART_Init                    0x08003af0   Section        0  usart.o(i.MX_USART2_UART_Init)
    i.MemManage_Handler                      0x08003b28   Section        0  stm32f1xx_it.o(i.MemManage_Handler)
    i.NMI_Handler                            0x08003b2a   Section        0  stm32f1xx_it.o(i.NMI_Handler)
    i.OLED_draw_point                        0x08003b2c   Section        0  oled.o(i.OLED_draw_point)
    i.OLED_init                              0x08003b74   Section        0  oled.o(i.OLED_init)
    i.OLED_printf                            0x08003c5c   Section        0  oled.o(i.OLED_printf)
    i.OLED_refresh_gram                      0x08003ca0   Section        0  oled.o(i.OLED_refresh_gram)
    i.OLED_set_pos                           0x08003cd4   Section        0  oled.o(i.OLED_set_pos)
    i.OLED_show_char                         0x08003cfc   Section        0  oled.o(i.OLED_show_char)
    i.OLED_show_string                       0x08003d74   Section        0  oled.o(i.OLED_show_string)
    i.PendSV_Handler                         0x08003daa   Section        0  stm32f1xx_it.o(i.PendSV_Handler)
    i.SVC_Handler                            0x08003dac   Section        0  stm32f1xx_it.o(i.SVC_Handler)
    i.SysTick_Handler                        0x08003dae   Section        0  stm32f1xx_it.o(i.SysTick_Handler)
    i.SystemClock_Config                     0x08003db2   Section        0  main.o(i.SystemClock_Config)
    i.SystemInit                             0x08003e2a   Section        0  system_stm32f1xx.o(i.SystemInit)
    i.TIM2_IRQHandler                        0x08003e2c   Section        0  stm32f1xx_it.o(i.TIM2_IRQHandler)
    i.TIM_Base_SetConfig                     0x08003e38   Section        0  stm32f1xx_hal_tim.o(i.TIM_Base_SetConfig)
    i.TIM_CCxChannelCmd                      0x08003eb0   Section        0  stm32f1xx_hal_tim.o(i.TIM_CCxChannelCmd)
    i.TIM_ETR_SetConfig                      0x08003eca   Section        0  stm32f1xx_hal_tim.o(i.TIM_ETR_SetConfig)
    i.TIM_ITRx_SetConfig                     0x08003ede   Section        0  stm32f1xx_hal_tim.o(i.TIM_ITRx_SetConfig)
    TIM_ITRx_SetConfig                       0x08003edf   Thumb Code    16  stm32f1xx_hal_tim.o(i.TIM_ITRx_SetConfig)
    i.TIM_OC1_SetConfig                      0x08003ef0   Section        0  stm32f1xx_hal_tim.o(i.TIM_OC1_SetConfig)
    TIM_OC1_SetConfig                        0x08003ef1   Thumb Code    74  stm32f1xx_hal_tim.o(i.TIM_OC1_SetConfig)
    i.TIM_OC2_SetConfig                      0x08003f40   Section        0  stm32f1xx_hal_tim.o(i.TIM_OC2_SetConfig)
    i.TIM_OC3_SetConfig                      0x08003f98   Section        0  stm32f1xx_hal_tim.o(i.TIM_OC3_SetConfig)
    TIM_OC3_SetConfig                        0x08003f99   Thumb Code    82  stm32f1xx_hal_tim.o(i.TIM_OC3_SetConfig)
    i.TIM_OC4_SetConfig                      0x08003ff0   Section        0  stm32f1xx_hal_tim.o(i.TIM_OC4_SetConfig)
    TIM_OC4_SetConfig                        0x08003ff1   Thumb Code    64  stm32f1xx_hal_tim.o(i.TIM_OC4_SetConfig)
    i.TIM_TI1_ConfigInputStage               0x08004034   Section        0  stm32f1xx_hal_tim.o(i.TIM_TI1_ConfigInputStage)
    TIM_TI1_ConfigInputStage                 0x08004035   Thumb Code    34  stm32f1xx_hal_tim.o(i.TIM_TI1_ConfigInputStage)
    i.TIM_TI2_ConfigInputStage               0x08004056   Section        0  stm32f1xx_hal_tim.o(i.TIM_TI2_ConfigInputStage)
    TIM_TI2_ConfigInputStage                 0x08004057   Thumb Code    36  stm32f1xx_hal_tim.o(i.TIM_TI2_ConfigInputStage)
    i.UART_DMAAbortOnError                   0x0800407a   Section        0  stm32f1xx_hal_uart.o(i.UART_DMAAbortOnError)
    UART_DMAAbortOnError                     0x0800407b   Thumb Code    16  stm32f1xx_hal_uart.o(i.UART_DMAAbortOnError)
    i.UART_EndRxTransfer                     0x0800408a   Section        0  stm32f1xx_hal_uart.o(i.UART_EndRxTransfer)
    UART_EndRxTransfer                       0x0800408b   Thumb Code    78  stm32f1xx_hal_uart.o(i.UART_EndRxTransfer)
    i.UART_Receive_IT                        0x080040d8   Section        0  stm32f1xx_hal_uart.o(i.UART_Receive_IT)
    UART_Receive_IT                          0x080040d9   Thumb Code   194  stm32f1xx_hal_uart.o(i.UART_Receive_IT)
    i.UART_SetConfig                         0x0800419c   Section        0  stm32f1xx_hal_uart.o(i.UART_SetConfig)
    UART_SetConfig                           0x0800419d   Thumb Code   178  stm32f1xx_hal_uart.o(i.UART_SetConfig)
    i.UART_WaitOnFlagUntilTimeout            0x08004254   Section        0  stm32f1xx_hal_uart.o(i.UART_WaitOnFlagUntilTimeout)
    UART_WaitOnFlagUntilTimeout              0x08004255   Thumb Code   114  stm32f1xx_hal_uart.o(i.UART_WaitOnFlagUntilTimeout)
    i.USART2_IRQHandler                      0x080042c8   Section        0  stm32f1xx_it.o(i.USART2_IRQHandler)
    i.UsageFault_Handler                     0x080042dc   Section        0  stm32f1xx_it.o(i.UsageFault_Handler)
    i.__0printf                              0x080042e0   Section        0  printfa.o(i.__0printf)
    i.__0sprintf                             0x08004300   Section        0  printfa.o(i.__0sprintf)
    i.__0vsprintf                            0x08004328   Section        0  printfa.o(i.__0vsprintf)
    i.__NVIC_SetPriority                     0x0800434c   Section        0  stm32f1xx_hal_cortex.o(i.__NVIC_SetPriority)
    __NVIC_SetPriority                       0x0800434d   Thumb Code    32  stm32f1xx_hal_cortex.o(i.__NVIC_SetPriority)
    i.__aeabi_errno_addr                     0x0800436c   Section        0  errno.o(i.__aeabi_errno_addr)
    i.__scatterload_copy                     0x08004374   Section       14  handlers.o(i.__scatterload_copy)
    i.__scatterload_null                     0x08004382   Section        2  handlers.o(i.__scatterload_null)
    i.__scatterload_zeroinit                 0x08004384   Section       14  handlers.o(i.__scatterload_zeroinit)
    i._fp_digits                             0x08004394   Section        0  printfa.o(i._fp_digits)
    _fp_digits                               0x08004395   Thumb Code   366  printfa.o(i._fp_digits)
    i._printf_core                           0x08004518   Section        0  printfa.o(i._printf_core)
    _printf_core                             0x08004519   Thumb Code  1744  printfa.o(i._printf_core)
    i._printf_post_padding                   0x08004bf4   Section        0  printfa.o(i._printf_post_padding)
    _printf_post_padding                     0x08004bf5   Thumb Code    36  printfa.o(i._printf_post_padding)
    i._printf_pre_padding                    0x08004c18   Section        0  printfa.o(i._printf_pre_padding)
    _printf_pre_padding                      0x08004c19   Thumb Code    46  printfa.o(i._printf_pre_padding)
    i._sputc                                 0x08004c46   Section        0  printfa.o(i._sputc)
    _sputc                                   0x08004c47   Thumb Code    10  printfa.o(i._sputc)
    i.arraySearch                            0x08004c50   Section        0  core_json.o(i.arraySearch)
    arraySearch                              0x08004c51   Thumb Code   154  core_json.o(i.arraySearch)
    i.delay_us                               0x08004cea   Section        0  dht11.o(i.delay_us)
    delay_us                                 0x08004ceb   Thumb Code    14  dht11.o(i.delay_us)
    i.dht11_check                            0x08004cf8   Section        0  dht11.o(i.dht11_check)
    i.dht11_init                             0x08004d54   Section        0  dht11.o(i.dht11_init)
    i.dht11_io_in                            0x08004d70   Section        0  dht11.o(i.dht11_io_in)
    i.dht11_io_out                           0x08004d90   Section        0  dht11.o(i.dht11_io_out)
    i.dht11_read_bit                         0x08004db4   Section        0  dht11.o(i.dht11_read_bit)
    i.dht11_read_byte                        0x08004e10   Section        0  dht11.o(i.dht11_read_byte)
    i.dht11_read_data                        0x08004e2a   Section        0  dht11.o(i.dht11_read_data)
    i.dht11_rst                              0x08004e7c   Section        0  dht11.o(i.dht11_rst)
    i.esp8266_config_network                 0x08004eb0   Section        0  esp8266.o(i.esp8266_config_network)
    i.esp8266_connect_server                 0x08004f30   Section        0  esp8266.o(i.esp8266_connect_server)
    i.esp8266_init                           0x08004f94   Section        0  esp8266.o(i.esp8266_init)
    i.esp8266_receive_msg                    0x08005378   Section        0  esp8266.o(i.esp8266_receive_msg)
    i.esp8266_reset                          0x08005418   Section        0  esp8266.o(i.esp8266_reset)
    i.esp8266_send_cmd                       0x08005488   Section        0  esp8266.o(i.esp8266_send_cmd)
    i.esp8266_send_msg                       0x080054fc   Section        0  esp8266.o(i.esp8266_send_msg)
    i.fputc                                  0x0800561c   Section        0  uart_printf.o(i.fputc)
    i.getType                                0x08005634   Section        0  core_json.o(i.getType)
    getType                                  0x08005635   Thumb Code    56  core_json.o(i.getType)
    i.hexToInt                               0x0800566c   Section        0  core_json.o(i.hexToInt)
    hexToInt                                 0x0800566d   Thumb Code    34  core_json.o(i.hexToInt)
    i.limit_handle                           0x08005690   Section        0  yuzhi.o(i.limit_handle)
    i.limit_handle2                          0x08005714   Section        0  yuzhi.o(i.limit_handle2)
    i.limit_handle_init                      0x0800577c   Section        0  yuzhi.o(i.limit_handle_init)
    i.main                                   0x0800578c   Section        0  main.o(i.main)
    i.multiSearch                            0x080057d8   Section        0  core_json.o(i.multiSearch)
    multiSearch                              0x080057d9   Thumb Code   252  core_json.o(i.multiSearch)
    i.nextKeyValuePair                       0x080058d4   Section        0  core_json.o(i.nextKeyValuePair)
    nextKeyValuePair                         0x080058d5   Thumb Code   152  core_json.o(i.nextKeyValuePair)
    i.nextValue                              0x0800596c   Section        0  core_json.o(i.nextValue)
    nextValue                                0x0800596d   Thumb Code   100  core_json.o(i.nextValue)
    i.objectSearch                           0x080059d0   Section        0  core_json.o(i.objectSearch)
    objectSearch                             0x080059d1   Thumb Code   176  core_json.o(i.objectSearch)
    i.oled_write_byte                        0x08005a80   Section        0  oled.o(i.oled_write_byte)
    i.parse_json_msg                         0x08005aa8   Section        0  esp8266.o(i.parse_json_msg)
    i.set_led                                0x08005b38   Section        0  led.o(i.set_led)
    i.skipAnyScalar                          0x08005b54   Section        0  core_json.o(i.skipAnyScalar)
    skipAnyScalar                            0x08005b55   Thumb Code    90  core_json.o(i.skipAnyScalar)
    i.skipCollection                         0x08005bc8   Section        0  core_json.o(i.skipCollection)
    skipCollection                           0x08005bc9   Thumb Code   168  core_json.o(i.skipCollection)
    i.skipDigits                             0x08005c70   Section        0  core_json.o(i.skipDigits)
    skipDigits                               0x08005c71   Thumb Code   116  core_json.o(i.skipDigits)
    i.skipEscape                             0x08005ce8   Section        0  core_json.o(i.skipEscape)
    skipEscape                               0x08005ce9   Thumb Code   178  core_json.o(i.skipEscape)
    i.skipLiteral                            0x08005d9a   Section        0  core_json.o(i.skipLiteral)
    skipLiteral                              0x08005d9b   Thumb Code    58  core_json.o(i.skipLiteral)
    i.skipNumber                             0x08005dd4   Section        0  core_json.o(i.skipNumber)
    skipNumber                               0x08005dd5   Thumb Code   182  core_json.o(i.skipNumber)
    i.skipObjectScalars                      0x08005e8a   Section        0  core_json.o(i.skipObjectScalars)
    skipObjectScalars                        0x08005e8b   Thumb Code   136  core_json.o(i.skipObjectScalars)
    i.skipOneHexEscape                       0x08005f12   Section        0  core_json.o(i.skipOneHexEscape)
    skipOneHexEscape                         0x08005f13   Thumb Code   112  core_json.o(i.skipOneHexEscape)
    i.skipScalars                            0x08005f82   Section        0  core_json.o(i.skipScalars)
    skipScalars                              0x08005f83   Thumb Code    92  core_json.o(i.skipScalars)
    i.skipSpace                              0x08005fde   Section        0  core_json.o(i.skipSpace)
    skipSpace                                0x08005fdf   Thumb Code    44  core_json.o(i.skipSpace)
    i.skipSpaceAndComma                      0x0800600a   Section        0  core_json.o(i.skipSpaceAndComma)
    skipSpaceAndComma                        0x0800600b   Thumb Code    80  core_json.o(i.skipSpaceAndComma)
    i.skipString                             0x0800605a   Section        0  core_json.o(i.skipString)
    skipString                               0x0800605b   Thumb Code    98  core_json.o(i.skipString)
    i.strnEq                                 0x080060bc   Section        0  core_json.o(i.strnEq)
    strnEq                                   0x080060bd   Thumb Code    40  core_json.o(i.strnEq)
    i.time_slot_start                        0x080060e4   Section        0  time_handle.o(i.time_slot_start)
    i.uart2_receiver_clear                   0x080060f0   Section        0  esp8266.o(i.uart2_receiver_clear)
    i.uart2_receiver_handle                  0x08006110   Section        0  esp8266.o(i.uart2_receiver_handle)
    i.user_init_program                      0x08006158   Section        0  main_program.o(i.user_init_program)
    i.user_main_program                      0x080061e8   Section        0  main_program.o(i.user_main_program)
    .constdata                               0x08006318   Section       18  stm32f1xx_hal_rcc.o(.constdata)
    aPredivFactorTable                       0x08006318   Data           2  stm32f1xx_hal_rcc.o(.constdata)
    aPLLMULFactorTable                       0x0800631a   Data          16  stm32f1xx_hal_rcc.o(.constdata)
    .constdata                               0x0800632a   Section       18  stm32f1xx_hal_rcc_ex.o(.constdata)
    aPredivFactorTable                       0x0800632a   Data           2  stm32f1xx_hal_rcc_ex.o(.constdata)
    aPLLMULFactorTable                       0x0800632c   Data          16  stm32f1xx_hal_rcc_ex.o(.constdata)
    .constdata                               0x0800633c   Section       16  system_stm32f1xx.o(.constdata)
    .constdata                               0x0800634c   Section        8  system_stm32f1xx.o(.constdata)
    .constdata                               0x08006354   Section     2164  oled.o(.constdata)
    .constdata                               0x08006bc8   Section      129  ctype_o.o(.constdata)
    .constdata                               0x08006c4c   Section        4  ctype_o.o(.constdata)
    table                                    0x08006c4c   Data           4  ctype_o.o(.constdata)
    .conststring                             0x08006c50   Section      607  esp8266.o(.conststring)
    .data                                    0x20000000   Section       12  stm32f1xx_hal.o(.data)
    .data                                    0x2000000c   Section        4  system_stm32f1xx.o(.data)
    .data                                    0x20000010   Section        6  esp8266.o(.data)
    error_count                              0x20000011   Data           1  esp8266.o(.data)
    .data                                    0x20000016   Section        6  main_program.o(.data)
    .data                                    0x2000001c   Section        8  oled.o(.data)
    cmd_data                                 0x2000001c   Data           2  oled.o(.data)
    ap                                       0x20000020   Data           4  oled.o(.data)
    .data                                    0x20000024   Section        8  time_handle.o(.data)
    index_10ms                               0x20000026   Data           2  time_handle.o(.data)
    .data                                    0x2000002c   Section       12  yuzhi.o(.data)
    .data                                    0x20000038   Section        4  stdout.o(.data)
    .data                                    0x2000003c   Section        4  errno.o(.data)
    _errno                                   0x2000003c   Data           4  errno.o(.data)
    .bss                                     0x20000040   Section       96  adc.o(.bss)
    .bss                                     0x200000a0   Section      168  i2c.o(.bss)
    .bss                                     0x20000148   Section      144  tim.o(.bss)
    .bss                                     0x200001d8   Section      144  usart.o(.bss)
    .bss                                     0x20000268   Section      512  esp8266.o(.bss)
    .bss                                     0x20000468   Section     1152  oled.o(.bss)
    LCD_BUF                                  0x20000468   Data         128  oled.o(.bss)
    OLED_GRAM                                0x200004e8   Data        1024  oled.o(.bss)
    STACK                                    0x200008e8   Section     1024  startup_stm32f103xb.o(STACK)

    Global Symbols

    Symbol Name                              Value     Ov Type        Size  Object(Section)

    BuildAttributes$$THM_ISAv4$P$D$K$B$S$PE$A:L22UL41UL21$X:L11$S22US41US21$IEEE1$IW$USESV6$~STKCKD$USESV7$~SHL$OTIME$ROPI$EBA8$MICROLIB$REQ8$PRES8$EABIv2 0x00000000   Number         0  anon$$obj.o ABSOLUTE
    __ARM_use_no_argv                        0x00000000   Number         0  main.o ABSOLUTE
    _printf_a                                0x00000000   Number         0  stubs.o ABSOLUTE
    _printf_c                                0x00000000   Number         0  stubs.o ABSOLUTE
    _printf_charcount                        0x00000000   Number         0  stubs.o ABSOLUTE
    _printf_d                                0x00000000   Number         0  stubs.o ABSOLUTE
    _printf_e                                0x00000000   Number         0  stubs.o ABSOLUTE
    _printf_f                                0x00000000   Number         0  stubs.o ABSOLUTE
    _printf_flags                            0x00000000   Number         0  stubs.o ABSOLUTE
    _printf_fp_dec                           0x00000000   Number         0  stubs.o ABSOLUTE
    _printf_fp_hex                           0x00000000   Number         0  stubs.o ABSOLUTE
    _printf_g                                0x00000000   Number         0  stubs.o ABSOLUTE
    _printf_i                                0x00000000   Number         0  stubs.o ABSOLUTE
    _printf_int_dec                          0x00000000   Number         0  stubs.o ABSOLUTE
    _printf_l                                0x00000000   Number         0  stubs.o ABSOLUTE
    _printf_lc                               0x00000000   Number         0  stubs.o ABSOLUTE
    _printf_ll                               0x00000000   Number         0  stubs.o ABSOLUTE
    _printf_lld                              0x00000000   Number         0  stubs.o ABSOLUTE
    _printf_lli                              0x00000000   Number         0  stubs.o ABSOLUTE
    _printf_llo                              0x00000000   Number         0  stubs.o ABSOLUTE
    _printf_llu                              0x00000000   Number         0  stubs.o ABSOLUTE
    _printf_llx                              0x00000000   Number         0  stubs.o ABSOLUTE
    _printf_longlong_dec                     0x00000000   Number         0  stubs.o ABSOLUTE
    _printf_longlong_hex                     0x00000000   Number         0  stubs.o ABSOLUTE
    _printf_longlong_oct                     0x00000000   Number         0  stubs.o ABSOLUTE
    _printf_ls                               0x00000000   Number         0  stubs.o ABSOLUTE
    _printf_mbtowc                           0x00000000   Number         0  stubs.o ABSOLUTE
    _printf_n                                0x00000000   Number         0  stubs.o ABSOLUTE
    _printf_o                                0x00000000   Number         0  stubs.o ABSOLUTE
    _printf_p                                0x00000000   Number         0  stubs.o ABSOLUTE
    _printf_percent                          0x00000000   Number         0  stubs.o ABSOLUTE
    _printf_pre_padding                      0x00000000   Number         0  stubs.o ABSOLUTE
    _printf_return_value                     0x00000000   Number         0  stubs.o ABSOLUTE
    _printf_s                                0x00000000   Number         0  stubs.o ABSOLUTE
    _printf_sizespec                         0x00000000   Number         0  stubs.o ABSOLUTE
    _printf_str                              0x00000000   Number         0  stubs.o ABSOLUTE
    _printf_truncate_signed                  0x00000000   Number         0  stubs.o ABSOLUTE
    _printf_truncate_unsigned                0x00000000   Number         0  stubs.o ABSOLUTE
    _printf_u                                0x00000000   Number         0  stubs.o ABSOLUTE
    _printf_wc                               0x00000000   Number         0  stubs.o ABSOLUTE
    _printf_wctomb                           0x00000000   Number         0  stubs.o ABSOLUTE
    _printf_widthprec                        0x00000000   Number         0  stubs.o ABSOLUTE
    _printf_x                                0x00000000   Number         0  stubs.o ABSOLUTE
    __cpp_initialize__aeabi_                  - Undefined Weak Reference
    __cxa_finalize                            - Undefined Weak Reference
    __decompress                              - Undefined Weak Reference
    _clock_init                               - Undefined Weak Reference
    _microlib_exit                            - Undefined Weak Reference
    _scanf_longlong                           - Undefined Weak Reference
    _scanf_real                               - Undefined Weak Reference
    __Vectors_Size                           0x000000ec   Number         0  startup_stm32f103xb.o ABSOLUTE
    __Vectors                                0x08000000   Data           4  startup_stm32f103xb.o(RESET)
    __Vectors_End                            0x080000ec   Data           0  startup_stm32f103xb.o(RESET)
    __main                                   0x080000ed   Thumb Code     0  entry.o(.ARM.Collect$$$$00000000)
    _main_stk                                0x080000ed   Thumb Code     0  entry2.o(.ARM.Collect$$$$00000001)
    _main_scatterload                        0x080000f1   Thumb Code     0  entry5.o(.ARM.Collect$$$$00000004)
    __main_after_scatterload                 0x080000f5   Thumb Code     0  entry5.o(.ARM.Collect$$$$00000004)
    _main_clock                              0x080000f5   Thumb Code     0  entry7b.o(.ARM.Collect$$$$00000008)
    _main_cpp_init                           0x080000f5   Thumb Code     0  entry8b.o(.ARM.Collect$$$$0000000A)
    _main_init                               0x080000f5   Thumb Code     0  entry9a.o(.ARM.Collect$$$$0000000B)
    __rt_final_cpp                           0x080000fd   Thumb Code     0  entry10a.o(.ARM.Collect$$$$0000000D)
    __rt_final_exit                          0x080000fd   Thumb Code     0  entry11a.o(.ARM.Collect$$$$0000000F)
    Reset_Handler                            0x08000101   Thumb Code     8  startup_stm32f103xb.o(.text)
    ADC1_2_IRQHandler                        0x0800011b   Thumb Code     0  startup_stm32f103xb.o(.text)
    CAN1_RX1_IRQHandler                      0x0800011b   Thumb Code     0  startup_stm32f103xb.o(.text)
    CAN1_SCE_IRQHandler                      0x0800011b   Thumb Code     0  startup_stm32f103xb.o(.text)
    DMA1_Channel1_IRQHandler                 0x0800011b   Thumb Code     0  startup_stm32f103xb.o(.text)
    DMA1_Channel2_IRQHandler                 0x0800011b   Thumb Code     0  startup_stm32f103xb.o(.text)
    DMA1_Channel3_IRQHandler                 0x0800011b   Thumb Code     0  startup_stm32f103xb.o(.text)
    DMA1_Channel4_IRQHandler                 0x0800011b   Thumb Code     0  startup_stm32f103xb.o(.text)
    DMA1_Channel5_IRQHandler                 0x0800011b   Thumb Code     0  startup_stm32f103xb.o(.text)
    DMA1_Channel6_IRQHandler                 0x0800011b   Thumb Code     0  startup_stm32f103xb.o(.text)
    DMA1_Channel7_IRQHandler                 0x0800011b   Thumb Code     0  startup_stm32f103xb.o(.text)
    EXTI0_IRQHandler                         0x0800011b   Thumb Code     0  startup_stm32f103xb.o(.text)
    EXTI15_10_IRQHandler                     0x0800011b   Thumb Code     0  startup_stm32f103xb.o(.text)
    EXTI1_IRQHandler                         0x0800011b   Thumb Code     0  startup_stm32f103xb.o(.text)
    EXTI2_IRQHandler                         0x0800011b   Thumb Code     0  startup_stm32f103xb.o(.text)
    EXTI3_IRQHandler                         0x0800011b   Thumb Code     0  startup_stm32f103xb.o(.text)
    EXTI4_IRQHandler                         0x0800011b   Thumb Code     0  startup_stm32f103xb.o(.text)
    EXTI9_5_IRQHandler                       0x0800011b   Thumb Code     0  startup_stm32f103xb.o(.text)
    FLASH_IRQHandler                         0x0800011b   Thumb Code     0  startup_stm32f103xb.o(.text)
    I2C1_ER_IRQHandler                       0x0800011b   Thumb Code     0  startup_stm32f103xb.o(.text)
    I2C1_EV_IRQHandler                       0x0800011b   Thumb Code     0  startup_stm32f103xb.o(.text)
    I2C2_ER_IRQHandler                       0x0800011b   Thumb Code     0  startup_stm32f103xb.o(.text)
    I2C2_EV_IRQHandler                       0x0800011b   Thumb Code     0  startup_stm32f103xb.o(.text)
    PVD_IRQHandler                           0x0800011b   Thumb Code     0  startup_stm32f103xb.o(.text)
    RCC_IRQHandler                           0x0800011b   Thumb Code     0  startup_stm32f103xb.o(.text)
    RTC_Alarm_IRQHandler                     0x0800011b   Thumb Code     0  startup_stm32f103xb.o(.text)
    RTC_IRQHandler                           0x0800011b   Thumb Code     0  startup_stm32f103xb.o(.text)
    SPI1_IRQHandler                          0x0800011b   Thumb Code     0  startup_stm32f103xb.o(.text)
    SPI2_IRQHandler                          0x0800011b   Thumb Code     0  startup_stm32f103xb.o(.text)
    TAMPER_IRQHandler                        0x0800011b   Thumb Code     0  startup_stm32f103xb.o(.text)
    TIM1_BRK_IRQHandler                      0x0800011b   Thumb Code     0  startup_stm32f103xb.o(.text)
    TIM1_CC_IRQHandler                       0x0800011b   Thumb Code     0  startup_stm32f103xb.o(.text)
    TIM1_TRG_COM_IRQHandler                  0x0800011b   Thumb Code     0  startup_stm32f103xb.o(.text)
    TIM1_UP_IRQHandler                       0x0800011b   Thumb Code     0  startup_stm32f103xb.o(.text)
    TIM3_IRQHandler                          0x0800011b   Thumb Code     0  startup_stm32f103xb.o(.text)
    TIM4_IRQHandler                          0x0800011b   Thumb Code     0  startup_stm32f103xb.o(.text)
    USART1_IRQHandler                        0x0800011b   Thumb Code     0  startup_stm32f103xb.o(.text)
    USART3_IRQHandler                        0x0800011b   Thumb Code     0  startup_stm32f103xb.o(.text)
    USBWakeUp_IRQHandler                     0x0800011b   Thumb Code     0  startup_stm32f103xb.o(.text)
    USB_HP_CAN1_TX_IRQHandler                0x0800011b   Thumb Code     0  startup_stm32f103xb.o(.text)
    USB_LP_CAN1_RX0_IRQHandler               0x0800011b   Thumb Code     0  startup_stm32f103xb.o(.text)
    WWDG_IRQHandler                          0x0800011b   Thumb Code     0  startup_stm32f103xb.o(.text)
    __aeabi_llsr                             0x08000125   Thumb Code    32  llushr.o(.text)
    _ll_ushift_r                             0x08000125   Thumb Code     0  llushr.o(.text)
    __aeabi_memset                           0x08000145   Thumb Code    14  memseta.o(.text)
    __aeabi_memset4                          0x08000145   Thumb Code     0  memseta.o(.text)
    __aeabi_memset8                          0x08000145   Thumb Code     0  memseta.o(.text)
    __aeabi_memclr                           0x08000153   Thumb Code     4  memseta.o(.text)
    __aeabi_memclr4                          0x08000153   Thumb Code     0  memseta.o(.text)
    __aeabi_memclr8                          0x08000153   Thumb Code     0  memseta.o(.text)
    _memset$wrapper                          0x08000157   Thumb Code    18  memseta.o(.text)
    strstr                                   0x08000169   Thumb Code    36  strstr.o(.text)
    strlen                                   0x0800018d   Thumb Code    14  strlen.o(.text)
    __0sscanf                                0x0800019d   Thumb Code    48  __0sscanf.o(.text)
    _scanf_int                               0x080001d5   Thumb Code   332  _scanf_int.o(.text)
    _scanf_string                            0x08000321   Thumb Code   224  _scanf_str.o(.text)
    atoi                                     0x08000401   Thumb Code    26  atoi.o(.text)
    __aeabi_fadd                             0x0800041b   Thumb Code   164  fadd.o(.text)
    __aeabi_fsub                             0x080004bf   Thumb Code     6  fadd.o(.text)
    __aeabi_frsub                            0x080004c5   Thumb Code     6  fadd.o(.text)
    __aeabi_fmul                             0x080004cb   Thumb Code   100  fmul.o(.text)
    __aeabi_fdiv                             0x0800052f   Thumb Code   124  fdiv.o(.text)
    __ARM_scalbnf                            0x080005ab   Thumb Code    24  fscalb.o(.text)
    scalbnf                                  0x080005ab   Thumb Code     0  fscalb.o(.text)
    __aeabi_dadd                             0x080005c3   Thumb Code   322  dadd.o(.text)
    __aeabi_dsub                             0x08000705   Thumb Code     6  dadd.o(.text)
    __aeabi_drsub                            0x0800070b   Thumb Code     6  dadd.o(.text)
    __aeabi_dmul                             0x08000711   Thumb Code   228  dmul.o(.text)
    __aeabi_ui2f                             0x080007f5   Thumb Code    10  ffltui.o(.text)
    __aeabi_f2uiz                            0x080007ff   Thumb Code    40  ffixui.o(.text)
    __aeabi_f2d                              0x08000827   Thumb Code    38  f2d.o(.text)
    __aeabi_d2f                              0x0800084d   Thumb Code    56  d2f.o(.text)
    __aeabi_cfcmpeq                          0x08000885   Thumb Code     0  cfcmple.o(.text)
    __aeabi_cfcmple                          0x08000885   Thumb Code    20  cfcmple.o(.text)
    __aeabi_uidiv                            0x08000899   Thumb Code     0  uidiv.o(.text)
    __aeabi_uidivmod                         0x08000899   Thumb Code    44  uidiv.o(.text)
    __aeabi_uldivmod                         0x080008c5   Thumb Code    98  uldiv.o(.text)
    __aeabi_llsl                             0x08000927   Thumb Code    30  llshl.o(.text)
    _ll_shift_l                              0x08000927   Thumb Code     0  llshl.o(.text)
    __aeabi_lasr                             0x08000945   Thumb Code    36  llsshr.o(.text)
    _ll_sshift_r                             0x08000945   Thumb Code     0  llsshr.o(.text)
    _chval                                   0x08000969   Thumb Code    28  _chval.o(.text)
    __vfscanf_char                           0x08000991   Thumb Code    20  scanf_char.o(.text)
    _sgetc                                   0x080009ad   Thumb Code    30  _sgetc.o(.text)
    _sbackspace                              0x080009cb   Thumb Code    34  _sgetc.o(.text)
    strtol                                   0x080009ed   Thumb Code   112  strtol.o(.text)
    __I$use$fp                               0x08000a5d   Thumb Code     0  iusefp.o(.text)
    _float_round                             0x08000a5d   Thumb Code    18  fepilogue.o(.text)
    _float_epilogue                          0x08000a6f   Thumb Code    92  fepilogue.o(.text)
    _double_round                            0x08000acb   Thumb Code    30  depilogue.o(.text)
    _double_epilogue                         0x08000ae9   Thumb Code   156  depilogue.o(.text)
    __aeabi_ddiv                             0x08000b85   Thumb Code   222  ddiv.o(.text)
    __aeabi_d2ulz                            0x08000c63   Thumb Code    48  dfixul.o(.text)
    __aeabi_cdrcmple                         0x08000c95   Thumb Code    48  cdrcmple.o(.text)
    __scatterload                            0x08000cc5   Thumb Code    28  init.o(.text)
    __scatterload_rt2                        0x08000cc5   Thumb Code     0  init.o(.text)
    __rt_ctype_table                         0x08000ce9   Thumb Code     4  ctype_o.o(.text)
    isspace                                  0x08000cf1   Thumb Code    18  isspace_o.o(.text)
    __vfscanf                                0x08000d05   Thumb Code   808  _scanf.o(.text)
    _strtoul                                 0x08001031   Thumb Code   158  _strtoul.o(.text)
    ADC_ConversionStop_Disable               0x080010d1   Thumb Code    86  stm32f1xx_hal_adc.o(i.ADC_ConversionStop_Disable)
    ADC_Enable                               0x08001129   Thumb Code   114  stm32f1xx_hal_adc.o(i.ADC_Enable)
    BH1750_Init                              0x080011a5   Thumb Code    18  light.o(i.BH1750_Init)
    BH1750_ReadData                          0x080011b9   Thumb Code    20  light.o(i.BH1750_ReadData)
    BH1750_WriteOpecode                      0x080011d1   Thumb Code    20  light.o(i.BH1750_WriteOpecode)
    BusFault_Handler                         0x080011e9   Thumb Code     2  stm32f1xx_it.o(i.BusFault_Handler)
    Convert_To_Humidity                      0x080011ed   Thumb Code    82  soil_humidity.o(i.Convert_To_Humidity)
    DebugMon_Handler                         0x0800124d   Thumb Code     2  stm32f1xx_it.o(i.DebugMon_Handler)
    Error_Handler                            0x0800124f   Thumb Code     4  main.o(i.Error_Handler)
    Get_Soil_Humidity_Value                  0x08001255   Thumb Code    62  soil_humidity.o(i.Get_Soil_Humidity_Value)
    HAL_ADC_ConfigChannel                    0x08001299   Thumb Code   240  stm32f1xx_hal_adc.o(i.HAL_ADC_ConfigChannel)
    HAL_ADC_GetValue                         0x08001395   Thumb Code     6  stm32f1xx_hal_adc.o(i.HAL_ADC_GetValue)
    HAL_ADC_Init                             0x0800139d   Thumb Code   272  stm32f1xx_hal_adc.o(i.HAL_ADC_Init)
    HAL_ADC_MspInit                          0x080014b9   Thumb Code   118  adc.o(i.HAL_ADC_MspInit)
    HAL_ADC_PollForConversion                0x08001541   Thumb Code   304  stm32f1xx_hal_adc.o(i.HAL_ADC_PollForConversion)
    HAL_ADC_Start                            0x0800167d   Thumb Code   184  stm32f1xx_hal_adc.o(i.HAL_ADC_Start)
    HAL_DMA_Abort                            0x0800173d   Thumb Code    70  stm32f1xx_hal_dma.o(i.HAL_DMA_Abort)
    HAL_DMA_Abort_IT                         0x08001785   Thumb Code   148  stm32f1xx_hal_dma.o(i.HAL_DMA_Abort_IT)
    HAL_Delay                                0x0800181d   Thumb Code    32  stm32f1xx_hal.o(i.HAL_Delay)
    HAL_GPIO_Init                            0x08001841   Thumb Code   446  stm32f1xx_hal_gpio.o(i.HAL_GPIO_Init)
    HAL_GPIO_ReadPin                         0x08001a21   Thumb Code    10  stm32f1xx_hal_gpio.o(i.HAL_GPIO_ReadPin)
    HAL_GPIO_WritePin                        0x08001a2b   Thumb Code    10  stm32f1xx_hal_gpio.o(i.HAL_GPIO_WritePin)
    HAL_GetTick                              0x08001a35   Thumb Code     6  stm32f1xx_hal.o(i.HAL_GetTick)
    HAL_I2C_Init                             0x08001a41   Thumb Code   376  stm32f1xx_hal_i2c.o(i.HAL_I2C_Init)
    HAL_I2C_Master_Receive                   0x08001bc9   Thumb Code   576  stm32f1xx_hal_i2c.o(i.HAL_I2C_Master_Receive)
    HAL_I2C_Master_Transmit                  0x08001e19   Thumb Code   290  stm32f1xx_hal_i2c.o(i.HAL_I2C_Master_Transmit)
    HAL_I2C_MspInit                          0x08001f45   Thumb Code   148  i2c.o(i.HAL_I2C_MspInit)
    HAL_IncTick                              0x08001fed   Thumb Code    12  stm32f1xx_hal.o(i.HAL_IncTick)
    HAL_Init                                 0x08001ffd   Thumb Code    32  stm32f1xx_hal.o(i.HAL_Init)
    HAL_InitTick                             0x08002021   Thumb Code    54  stm32f1xx_hal.o(i.HAL_InitTick)
    HAL_MspInit                              0x08002061   Thumb Code    52  stm32f1xx_hal_msp.o(i.HAL_MspInit)
    HAL_NVIC_EnableIRQ                       0x0800209d   Thumb Code    26  stm32f1xx_hal_cortex.o(i.HAL_NVIC_EnableIRQ)
    HAL_NVIC_SetPriority                     0x080020b9   Thumb Code    60  stm32f1xx_hal_cortex.o(i.HAL_NVIC_SetPriority)
    HAL_NVIC_SetPriorityGrouping             0x080020f9   Thumb Code    26  stm32f1xx_hal_cortex.o(i.HAL_NVIC_SetPriorityGrouping)
    HAL_RCCEx_GetPeriphCLKFreq               0x0800211d   Thumb Code   148  stm32f1xx_hal_rcc_ex.o(i.HAL_RCCEx_GetPeriphCLKFreq)
    HAL_RCCEx_PeriphCLKConfig                0x080021c1   Thumb Code   224  stm32f1xx_hal_rcc_ex.o(i.HAL_RCCEx_PeriphCLKConfig)
    HAL_RCC_ClockConfig                      0x080022ad   Thumb Code   280  stm32f1xx_hal_rcc.o(i.HAL_RCC_ClockConfig)
    HAL_RCC_GetPCLK1Freq                     0x080023d9   Thumb Code    20  stm32f1xx_hal_rcc.o(i.HAL_RCC_GetPCLK1Freq)
    HAL_RCC_GetPCLK2Freq                     0x080023f9   Thumb Code    20  stm32f1xx_hal_rcc.o(i.HAL_RCC_GetPCLK2Freq)
    HAL_RCC_GetSysClockFreq                  0x08002419   Thumb Code    58  stm32f1xx_hal_rcc.o(i.HAL_RCC_GetSysClockFreq)
    HAL_RCC_OscConfig                        0x08002465   Thumb Code   778  stm32f1xx_hal_rcc.o(i.HAL_RCC_OscConfig)
    HAL_SYSTICK_Config                       0x08002785   Thumb Code    40  stm32f1xx_hal_cortex.o(i.HAL_SYSTICK_Config)
    HAL_TIMEx_BreakCallback                  0x080027ad   Thumb Code     2  stm32f1xx_hal_tim_ex.o(i.HAL_TIMEx_BreakCallback)
    HAL_TIMEx_CommutCallback                 0x080027af   Thumb Code     2  stm32f1xx_hal_tim_ex.o(i.HAL_TIMEx_CommutCallback)
    HAL_TIMEx_ConfigBreakDeadTime            0x080027b1   Thumb Code    84  stm32f1xx_hal_tim_ex.o(i.HAL_TIMEx_ConfigBreakDeadTime)
    HAL_TIMEx_MasterConfigSynchronization    0x08002805   Thumb Code    92  stm32f1xx_hal_tim_ex.o(i.HAL_TIMEx_MasterConfigSynchronization)
    HAL_TIM_Base_Init                        0x0800286d   Thumb Code    90  stm32f1xx_hal_tim.o(i.HAL_TIM_Base_Init)
    HAL_TIM_Base_MspInit                     0x080028c9   Thumb Code    50  tim.o(i.HAL_TIM_Base_MspInit)
    HAL_TIM_Base_Start_IT                    0x08002901   Thumb Code    76  stm32f1xx_hal_tim.o(i.HAL_TIM_Base_Start_IT)
    HAL_TIM_ConfigClockSource                0x08002959   Thumb Code   220  stm32f1xx_hal_tim.o(i.HAL_TIM_ConfigClockSource)
    HAL_TIM_IC_CaptureCallback               0x08002a35   Thumb Code     2  stm32f1xx_hal_tim.o(i.HAL_TIM_IC_CaptureCallback)
    HAL_TIM_IRQHandler                       0x08002a37   Thumb Code   304  stm32f1xx_hal_tim.o(i.HAL_TIM_IRQHandler)
    HAL_TIM_MspPostInit                      0x08002b69   Thumb Code    64  tim.o(i.HAL_TIM_MspPostInit)
    HAL_TIM_OC_DelayElapsedCallback          0x08002bb5   Thumb Code     2  stm32f1xx_hal_tim.o(i.HAL_TIM_OC_DelayElapsedCallback)
    HAL_TIM_PWM_ConfigChannel                0x08002bb7   Thumb Code   204  stm32f1xx_hal_tim.o(i.HAL_TIM_PWM_ConfigChannel)
    HAL_TIM_PWM_Init                         0x08002c83   Thumb Code    90  stm32f1xx_hal_tim.o(i.HAL_TIM_PWM_Init)
    HAL_TIM_PWM_MspInit                      0x08002cdd   Thumb Code    30  tim.o(i.HAL_TIM_PWM_MspInit)
    HAL_TIM_PWM_PulseFinishedCallback        0x08002d05   Thumb Code     2  stm32f1xx_hal_tim.o(i.HAL_TIM_PWM_PulseFinishedCallback)
    HAL_TIM_PWM_Start                        0x08002d09   Thumb Code   144  stm32f1xx_hal_tim.o(i.HAL_TIM_PWM_Start)
    HAL_TIM_PeriodElapsedCallback            0x08002da5   Thumb Code    54  time_handle.o(i.HAL_TIM_PeriodElapsedCallback)
    HAL_TIM_TriggerCallback                  0x08002de5   Thumb Code     2  stm32f1xx_hal_tim.o(i.HAL_TIM_TriggerCallback)
    HAL_UARTEx_RxEventCallback               0x08002de7   Thumb Code     2  stm32f1xx_hal_uart.o(i.HAL_UARTEx_RxEventCallback)
    HAL_UART_ErrorCallback                   0x08002de9   Thumb Code     2  stm32f1xx_hal_uart.o(i.HAL_UART_ErrorCallback)
    HAL_UART_IRQHandler                      0x08002ded   Thumb Code   616  stm32f1xx_hal_uart.o(i.HAL_UART_IRQHandler)
    HAL_UART_Init                            0x08003059   Thumb Code   100  stm32f1xx_hal_uart.o(i.HAL_UART_Init)
    HAL_UART_MspInit                         0x080030bd   Thumb Code   186  usart.o(i.HAL_UART_MspInit)
    HAL_UART_Receive                         0x08003189   Thumb Code   176  stm32f1xx_hal_uart.o(i.HAL_UART_Receive)
    HAL_UART_RxCpltCallback                  0x08003239   Thumb Code     2  stm32f1xx_hal_uart.o(i.HAL_UART_RxCpltCallback)
    HAL_UART_Transmit                        0x0800323b   Thumb Code   160  stm32f1xx_hal_uart.o(i.HAL_UART_Transmit)
    HAL_UART_TxCpltCallback                  0x080032db   Thumb Code     2  stm32f1xx_hal_uart.o(i.HAL_UART_TxCpltCallback)
    HardFault_Handler                        0x080032dd   Thumb Code     2  stm32f1xx_it.o(i.HardFault_Handler)
    JSON_SearchConst                         0x080036ff   Thumb Code   100  core_json.o(i.JSON_SearchConst)
    JSON_SearchT                             0x08003763   Thumb Code    18  core_json.o(i.JSON_SearchT)
    JSON_Validate                            0x08003775   Thumb Code    94  core_json.o(i.JSON_Validate)
    MX_ADC1_Init                             0x080037d5   Thumb Code    68  adc.o(i.MX_ADC1_Init)
    MX_ADC2_Init                             0x08003821   Thumb Code    68  adc.o(i.MX_ADC2_Init)
    MX_GPIO_Init                             0x0800386d   Thumb Code   184  gpio.o(i.MX_GPIO_Init)
    MX_I2C1_Init                             0x08003935   Thumb Code    50  i2c.o(i.MX_I2C1_Init)
    MX_I2C2_Init                             0x08003975   Thumb Code    50  i2c.o(i.MX_I2C2_Init)
    MX_TIM1_Init                             0x080039b5   Thumb Code   152  tim.o(i.MX_TIM1_Init)
    MX_TIM2_Init                             0x08003a55   Thumb Code    96  tim.o(i.MX_TIM2_Init)
    MX_USART1_UART_Init                      0x08003ab9   Thumb Code    48  usart.o(i.MX_USART1_UART_Init)
    MX_USART2_UART_Init                      0x08003af1   Thumb Code    48  usart.o(i.MX_USART2_UART_Init)
    MemManage_Handler                        0x08003b29   Thumb Code     2  stm32f1xx_it.o(i.MemManage_Handler)
    NMI_Handler                              0x08003b2b   Thumb Code     2  stm32f1xx_it.o(i.NMI_Handler)
    OLED_draw_point                          0x08003b2d   Thumb Code    66  oled.o(i.OLED_draw_point)
    OLED_init                                0x08003b75   Thumb Code   230  oled.o(i.OLED_init)
    OLED_printf                              0x08003c5d   Thumb Code    58  oled.o(i.OLED_printf)
    OLED_refresh_gram                        0x08003ca1   Thumb Code    46  oled.o(i.OLED_refresh_gram)
    OLED_set_pos                             0x08003cd5   Thumb Code    40  oled.o(i.OLED_set_pos)
    OLED_show_char                           0x08003cfd   Thumb Code   116  oled.o(i.OLED_show_char)
    OLED_show_string                         0x08003d75   Thumb Code    54  oled.o(i.OLED_show_string)
    PendSV_Handler                           0x08003dab   Thumb Code     2  stm32f1xx_it.o(i.PendSV_Handler)
    SVC_Handler                              0x08003dad   Thumb Code     2  stm32f1xx_it.o(i.SVC_Handler)
    SysTick_Handler                          0x08003daf   Thumb Code     4  stm32f1xx_it.o(i.SysTick_Handler)
    SystemClock_Config                       0x08003db3   Thumb Code   120  main.o(i.SystemClock_Config)
    SystemInit                               0x08003e2b   Thumb Code     2  system_stm32f1xx.o(i.SystemInit)
    TIM2_IRQHandler                          0x08003e2d   Thumb Code     6  stm32f1xx_it.o(i.TIM2_IRQHandler)
    TIM_Base_SetConfig                       0x08003e39   Thumb Code   108  stm32f1xx_hal_tim.o(i.TIM_Base_SetConfig)
    TIM_CCxChannelCmd                        0x08003eb1   Thumb Code    26  stm32f1xx_hal_tim.o(i.TIM_CCxChannelCmd)
    TIM_ETR_SetConfig                        0x08003ecb   Thumb Code    20  stm32f1xx_hal_tim.o(i.TIM_ETR_SetConfig)
    TIM_OC2_SetConfig                        0x08003f41   Thumb Code    84  stm32f1xx_hal_tim.o(i.TIM_OC2_SetConfig)
    USART2_IRQHandler                        0x080042c9   Thumb Code    16  stm32f1xx_it.o(i.USART2_IRQHandler)
    UsageFault_Handler                       0x080042dd   Thumb Code     2  stm32f1xx_it.o(i.UsageFault_Handler)
    __0printf                                0x080042e1   Thumb Code    22  printfa.o(i.__0printf)
    __1printf                                0x080042e1   Thumb Code     0  printfa.o(i.__0printf)
    __2printf                                0x080042e1   Thumb Code     0  printfa.o(i.__0printf)
    __c89printf                              0x080042e1   Thumb Code     0  printfa.o(i.__0printf)
    printf                                   0x080042e1   Thumb Code     0  printfa.o(i.__0printf)
    __0sprintf                               0x08004301   Thumb Code    34  printfa.o(i.__0sprintf)
    __1sprintf                               0x08004301   Thumb Code     0  printfa.o(i.__0sprintf)
    __2sprintf                               0x08004301   Thumb Code     0  printfa.o(i.__0sprintf)
    __c89sprintf                             0x08004301   Thumb Code     0  printfa.o(i.__0sprintf)
    sprintf                                  0x08004301   Thumb Code     0  printfa.o(i.__0sprintf)
    __0vsprintf                              0x08004329   Thumb Code    30  printfa.o(i.__0vsprintf)
    __1vsprintf                              0x08004329   Thumb Code     0  printfa.o(i.__0vsprintf)
    __2vsprintf                              0x08004329   Thumb Code     0  printfa.o(i.__0vsprintf)
    __c89vsprintf                            0x08004329   Thumb Code     0  printfa.o(i.__0vsprintf)
    vsprintf                                 0x08004329   Thumb Code     0  printfa.o(i.__0vsprintf)
    __aeabi_errno_addr                       0x0800436d   Thumb Code     4  errno.o(i.__aeabi_errno_addr)
    __rt_errno_addr                          0x0800436d   Thumb Code     0  errno.o(i.__aeabi_errno_addr)
    __scatterload_copy                       0x08004375   Thumb Code    14  handlers.o(i.__scatterload_copy)
    __scatterload_null                       0x08004383   Thumb Code     2  handlers.o(i.__scatterload_null)
    __scatterload_zeroinit                   0x08004385   Thumb Code    14  handlers.o(i.__scatterload_zeroinit)
    dht11_check                              0x08004cf9   Thumb Code    88  dht11.o(i.dht11_check)
    dht11_init                               0x08004d55   Thumb Code    26  dht11.o(i.dht11_init)
    dht11_io_in                              0x08004d71   Thumb Code    28  dht11.o(i.dht11_io_in)
    dht11_io_out                             0x08004d91   Thumb Code    30  dht11.o(i.dht11_io_out)
    dht11_read_bit                           0x08004db5   Thumb Code    86  dht11.o(i.dht11_read_bit)
    dht11_read_byte                          0x08004e11   Thumb Code    26  dht11.o(i.dht11_read_byte)
    dht11_read_data                          0x08004e2b   Thumb Code    80  dht11.o(i.dht11_read_data)
    dht11_rst                                0x08004e7d   Thumb Code    48  dht11.o(i.dht11_rst)
    esp8266_config_network                   0x08004eb1   Thumb Code    80  esp8266.o(i.esp8266_config_network)
    esp8266_connect_server                   0x08004f31   Thumb Code    80  esp8266.o(i.esp8266_connect_server)
    esp8266_init                             0x08004f95   Thumb Code   336  esp8266.o(i.esp8266_init)
    esp8266_receive_msg                      0x08005379   Thumb Code   116  esp8266.o(i.esp8266_receive_msg)
    esp8266_reset                            0x08005419   Thumb Code    82  esp8266.o(i.esp8266_reset)
    esp8266_send_cmd                         0x08005489   Thumb Code   102  esp8266.o(i.esp8266_send_cmd)
    esp8266_send_msg                         0x080054fd   Thumb Code   224  esp8266.o(i.esp8266_send_msg)
    fputc                                    0x0800561d   Thumb Code    20  uart_printf.o(i.fputc)
    limit_handle                             0x08005691   Thumb Code   120  yuzhi.o(i.limit_handle)
    limit_handle2                            0x08005715   Thumb Code    96  yuzhi.o(i.limit_handle2)
    limit_handle_init                        0x0800577d   Thumb Code    12  yuzhi.o(i.limit_handle_init)
    main                                     0x0800578d   Thumb Code    76  main.o(i.main)
    oled_write_byte                          0x08005a81   Thumb Code    30  oled.o(i.oled_write_byte)
    parse_json_msg                           0x08005aa9   Thumb Code   108  esp8266.o(i.parse_json_msg)
    set_led                                  0x08005b39   Thumb Code    22  led.o(i.set_led)
    time_slot_start                          0x080060e5   Thumb Code     6  time_handle.o(i.time_slot_start)
    uart2_receiver_clear                     0x080060f1   Thumb Code    22  esp8266.o(i.uart2_receiver_clear)
    uart2_receiver_handle                    0x08006111   Thumb Code    58  esp8266.o(i.uart2_receiver_handle)
    user_init_program                        0x08006159   Thumb Code    74  main_program.o(i.user_init_program)
    user_main_program                        0x080061e9   Thumb Code   218  main_program.o(i.user_main_program)
    AHBPrescTable                            0x0800633c   Data          16  system_stm32f1xx.o(.constdata)
    APBPrescTable                            0x0800634c   Data           8  system_stm32f1xx.o(.constdata)
    asc2_1206                                0x08006354   Data        1140  oled.o(.constdata)
    LOGO_BMP                                 0x080067c8   Data        1024  oled.o(.constdata)
    __ctype_table                            0x08006bc8   Data         129  ctype_o.o(.constdata)
    Region$$Table$$Base                      0x08006eb0   Number         0  anon$$obj.o(Region$$Table)
    Region$$Table$$Limit                     0x08006ed0   Number         0  anon$$obj.o(Region$$Table)
    uwTickFreq                               0x20000000   Data           1  stm32f1xx_hal.o(.data)
    uwTickPrio                               0x20000004   Data           4  stm32f1xx_hal.o(.data)
    uwTick                                   0x20000008   Data           4  stm32f1xx_hal.o(.data)
    SystemCoreClock                          0x2000000c   Data           4  system_stm32f1xx.o(.data)
    receive_start                            0x20000010   Data           1  esp8266.o(.data)
    receive_count                            0x20000012   Data           2  esp8266.o(.data)
    receive_finish                           0x20000014   Data           2  esp8266.o(.data)
    led_status                               0x20000016   Data           1  main_program.o(.data)
    temp_value                               0x20000017   Data           1  main_program.o(.data)
    humi_value                               0x20000018   Data           1  main_program.o(.data)
    opeCode                                  0x20000019   Data           1  main_program.o(.data)
    g_ucaDataBuff                            0x2000001a   Data           2  main_program.o(.data)
    index_send_msg                           0x20000024   Data           1  time_handle.o(.data)
    index_led                                0x20000025   Data           1  time_handle.o(.data)
    index_oled                               0x20000028   Data           2  time_handle.o(.data)
    index_dht11                              0x2000002a   Data           2  time_handle.o(.data)
    flag_tu                                  0x2000002c   Data           2  yuzhi.o(.data)
    flag_light                               0x2000002e   Data           2  yuzhi.o(.data)
    prev_flag_light                          0x20000030   Data           2  yuzhi.o(.data)
    prev_flag_turang                         0x20000032   Data           2  yuzhi.o(.data)
    lightup                                  0x20000034   Data           2  yuzhi.o(.data)
    turangdown                               0x20000036   Data           2  yuzhi.o(.data)
    __stdout                                 0x20000038   Data           4  stdout.o(.data)
    hadc1                                    0x20000040   Data          48  adc.o(.bss)
    hadc2                                    0x20000070   Data          48  adc.o(.bss)
    hi2c1                                    0x200000a0   Data          84  i2c.o(.bss)
    hi2c2                                    0x200000f4   Data          84  i2c.o(.bss)
    htim1                                    0x20000148   Data          72  tim.o(.bss)
    htim2                                    0x20000190   Data          72  tim.o(.bss)
    huart1                                   0x200001d8   Data          72  usart.o(.bss)
    huart2                                   0x20000220   Data          72  usart.o(.bss)
    receive_buf                              0x20000268   Data         512  esp8266.o(.bss)
    __initial_sp                             0x20000ce8   Data           0  startup_stm32f103xb.o(STACK)



==============================================================================

Memory Map of the image

  Image Entry point : 0x080000ed

  Load Region LR_IROM1 (Base: 0x08000000, Size: 0x00006f10, Max: 0x00010000, ABSOLUTE)

    Execution Region ER_IROM1 (Exec base: 0x08000000, Load base: 0x08000000, Size: 0x00006ed0, Max: 0x00010000, ABSOLUTE)

    Exec Addr    Load Addr    Size         Type   Attr      Idx    E Section Name        Object

    0x08000000   0x08000000   0x000000ec   Data   RO            3    RESET               startup_stm32f103xb.o
    0x080000ec   0x080000ec   0x00000000   Code   RO         4290  * .ARM.Collect$$$$00000000  mc_w.l(entry.o)
    0x080000ec   0x080000ec   0x00000004   Code   RO         4596    .ARM.Collect$$$$00000001  mc_w.l(entry2.o)
    0x080000f0   0x080000f0   0x00000004   Code   RO         4599    .ARM.Collect$$$$00000004  mc_w.l(entry5.o)
    0x080000f4   0x080000f4   0x00000000   Code   RO         4601    .ARM.Collect$$$$00000008  mc_w.l(entry7b.o)
    0x080000f4   0x080000f4   0x00000000   Code   RO         4603    .ARM.Collect$$$$0000000A  mc_w.l(entry8b.o)
    0x080000f4   0x080000f4   0x00000008   Code   RO         4604    .ARM.Collect$$$$0000000B  mc_w.l(entry9a.o)
    0x080000fc   0x080000fc   0x00000000   Code   RO         4606    .ARM.Collect$$$$0000000D  mc_w.l(entry10a.o)
    0x080000fc   0x080000fc   0x00000000   Code   RO         4608    .ARM.Collect$$$$0000000F  mc_w.l(entry11a.o)
    0x080000fc   0x080000fc   0x00000004   Code   RO         4597    .ARM.Collect$$$$00002712  mc_w.l(entry2.o)
    0x08000100   0x08000100   0x00000024   Code   RO            4    .text               startup_stm32f103xb.o
    0x08000124   0x08000124   0x00000020   Code   RO         4293    .text               mc_w.l(llushr.o)
    0x08000144   0x08000144   0x00000024   Code   RO         4297    .text               mc_w.l(memseta.o)
    0x08000168   0x08000168   0x00000024   Code   RO         4299    .text               mc_w.l(strstr.o)
    0x0800018c   0x0800018c   0x0000000e   Code   RO         4301    .text               mc_w.l(strlen.o)
    0x0800019a   0x0800019a   0x00000002   PAD
    0x0800019c   0x0800019c   0x00000038   Code   RO         4564    .text               mc_w.l(__0sscanf.o)
    0x080001d4   0x080001d4   0x0000014c   Code   RO         4566    .text               mc_w.l(_scanf_int.o)
    0x08000320   0x08000320   0x000000e0   Code   RO         4568    .text               mc_w.l(_scanf_str.o)
    0x08000400   0x08000400   0x0000001a   Code   RO         4570    .text               mc_w.l(atoi.o)
    0x0800041a   0x0800041a   0x000000b0   Code   RO         4572    .text               mf_w.l(fadd.o)
    0x080004ca   0x080004ca   0x00000064   Code   RO         4574    .text               mf_w.l(fmul.o)
    0x0800052e   0x0800052e   0x0000007c   Code   RO         4576    .text               mf_w.l(fdiv.o)
    0x080005aa   0x080005aa   0x00000018   Code   RO         4578    .text               mf_w.l(fscalb.o)
    0x080005c2   0x080005c2   0x0000014e   Code   RO         4580    .text               mf_w.l(dadd.o)
    0x08000710   0x08000710   0x000000e4   Code   RO         4582    .text               mf_w.l(dmul.o)
    0x080007f4   0x080007f4   0x0000000a   Code   RO         4586    .text               mf_w.l(ffltui.o)
    0x080007fe   0x080007fe   0x00000028   Code   RO         4588    .text               mf_w.l(ffixui.o)
    0x08000826   0x08000826   0x00000026   Code   RO         4590    .text               mf_w.l(f2d.o)
    0x0800084c   0x0800084c   0x00000038   Code   RO         4592    .text               mf_w.l(d2f.o)
    0x08000884   0x08000884   0x00000014   Code   RO         4594    .text               mf_w.l(cfcmple.o)
    0x08000898   0x08000898   0x0000002c   Code   RO         4611    .text               mc_w.l(uidiv.o)
    0x080008c4   0x080008c4   0x00000062   Code   RO         4613    .text               mc_w.l(uldiv.o)
    0x08000926   0x08000926   0x0000001e   Code   RO         4615    .text               mc_w.l(llshl.o)
    0x08000944   0x08000944   0x00000024   Code   RO         4617    .text               mc_w.l(llsshr.o)
    0x08000968   0x08000968   0x0000001c   Code   RO         4626    .text               mc_w.l(_chval.o)
    0x08000984   0x08000984   0x00000028   Code   RO         4628    .text               mc_w.l(scanf_char.o)
    0x080009ac   0x080009ac   0x00000040   Code   RO         4630    .text               mc_w.l(_sgetc.o)
    0x080009ec   0x080009ec   0x00000070   Code   RO         4632    .text               mc_w.l(strtol.o)
    0x08000a5c   0x08000a5c   0x00000000   Code   RO         4634    .text               mc_w.l(iusefp.o)
    0x08000a5c   0x08000a5c   0x0000006e   Code   RO         4635    .text               mf_w.l(fepilogue.o)
    0x08000aca   0x08000aca   0x000000ba   Code   RO         4637    .text               mf_w.l(depilogue.o)
    0x08000b84   0x08000b84   0x000000de   Code   RO         4639    .text               mf_w.l(ddiv.o)
    0x08000c62   0x08000c62   0x00000030   Code   RO         4641    .text               mf_w.l(dfixul.o)
    0x08000c92   0x08000c92   0x00000002   PAD
    0x08000c94   0x08000c94   0x00000030   Code   RO         4643    .text               mf_w.l(cdrcmple.o)
    0x08000cc4   0x08000cc4   0x00000024   Code   RO         4645    .text               mc_w.l(init.o)
    0x08000ce8   0x08000ce8   0x00000008   Code   RO         4649    .text               mc_w.l(ctype_o.o)
    0x08000cf0   0x08000cf0   0x00000012   Code   RO         4671    .text               mc_w.l(isspace_o.o)
    0x08000d02   0x08000d02   0x00000002   PAD
    0x08000d04   0x08000d04   0x0000032c   Code   RO         4677    .text               mc_w.l(_scanf.o)
    0x08001030   0x08001030   0x0000009e   Code   RO         4679    .text               mc_w.l(_strtoul.o)
    0x080010ce   0x080010ce   0x00000002   PAD
    0x080010d0   0x080010d0   0x00000056   Code   RO          556    i.ADC_ConversionStop_Disable  stm32f1xx_hal_adc.o
    0x08001126   0x08001126   0x00000002   PAD
    0x08001128   0x08001128   0x0000007c   Code   RO          560    i.ADC_Enable        stm32f1xx_hal_adc.o
    0x080011a4   0x080011a4   0x00000012   Code   RO         4215    i.BH1750_Init       light.o
    0x080011b6   0x080011b6   0x00000002   PAD
    0x080011b8   0x080011b8   0x00000018   Code   RO         4216    i.BH1750_ReadData   light.o
    0x080011d0   0x080011d0   0x00000018   Code   RO         4217    i.BH1750_WriteOpecode  light.o
    0x080011e8   0x080011e8   0x00000002   Code   RO          405    i.BusFault_Handler  stm32f1xx_it.o
    0x080011ea   0x080011ea   0x00000002   PAD
    0x080011ec   0x080011ec   0x00000060   Code   RO         4179    i.Convert_To_Humidity  soil_humidity.o
    0x0800124c   0x0800124c   0x00000002   Code   RO          406    i.DebugMon_Handler  stm32f1xx_it.o
    0x0800124e   0x0800124e   0x00000004   Code   RO           13    i.Error_Handler     main.o
    0x08001252   0x08001252   0x00000002   PAD
    0x08001254   0x08001254   0x00000044   Code   RO         4180    i.Get_Soil_Humidity_Value  soil_humidity.o
    0x08001298   0x08001298   0x000000fc   Code   RO          562    i.HAL_ADC_ConfigChannel  stm32f1xx_hal_adc.o
    0x08001394   0x08001394   0x00000006   Code   RO          569    i.HAL_ADC_GetValue  stm32f1xx_hal_adc.o
    0x0800139a   0x0800139a   0x00000002   PAD
    0x0800139c   0x0800139c   0x0000011c   Code   RO          571    i.HAL_ADC_Init      stm32f1xx_hal_adc.o
    0x080014b8   0x080014b8   0x00000088   Code   RO          196    i.HAL_ADC_MspInit   adc.o
    0x08001540   0x08001540   0x0000013c   Code   RO          575    i.HAL_ADC_PollForConversion  stm32f1xx_hal_adc.o
    0x0800167c   0x0800167c   0x000000c0   Code   RO          577    i.HAL_ADC_Start     stm32f1xx_hal_adc.o
    0x0800173c   0x0800173c   0x00000046   Code   RO         1213    i.HAL_DMA_Abort     stm32f1xx_hal_dma.o
    0x08001782   0x08001782   0x00000002   PAD
    0x08001784   0x08001784   0x00000098   Code   RO         1214    i.HAL_DMA_Abort_IT  stm32f1xx_hal_dma.o
    0x0800181c   0x0800181c   0x00000024   Code   RO          839    i.HAL_Delay         stm32f1xx_hal.o
    0x08001840   0x08001840   0x000001e0   Code   RO         1149    i.HAL_GPIO_Init     stm32f1xx_hal_gpio.o
    0x08001a20   0x08001a20   0x0000000a   Code   RO         1151    i.HAL_GPIO_ReadPin  stm32f1xx_hal_gpio.o
    0x08001a2a   0x08001a2a   0x0000000a   Code   RO         1153    i.HAL_GPIO_WritePin  stm32f1xx_hal_gpio.o
    0x08001a34   0x08001a34   0x0000000c   Code   RO          843    i.HAL_GetTick       stm32f1xx_hal.o
    0x08001a40   0x08001a40   0x00000188   Code   RO         1820    i.HAL_I2C_Init      stm32f1xx_hal_i2c.o
    0x08001bc8   0x08001bc8   0x00000250   Code   RO         1826    i.HAL_I2C_Master_Receive  stm32f1xx_hal_i2c.o
    0x08001e18   0x08001e18   0x0000012c   Code   RO         1833    i.HAL_I2C_Master_Transmit  stm32f1xx_hal_i2c.o
    0x08001f44   0x08001f44   0x000000a8   Code   RO          244    i.HAL_I2C_MspInit   i2c.o
    0x08001fec   0x08001fec   0x00000010   Code   RO          849    i.HAL_IncTick       stm32f1xx_hal.o
    0x08001ffc   0x08001ffc   0x00000024   Code   RO          850    i.HAL_Init          stm32f1xx_hal.o
    0x08002020   0x08002020   0x00000040   Code   RO          851    i.HAL_InitTick      stm32f1xx_hal.o
    0x08002060   0x08002060   0x0000003c   Code   RO          496    i.HAL_MspInit       stm32f1xx_hal_msp.o
    0x0800209c   0x0800209c   0x0000001a   Code   RO         1309    i.HAL_NVIC_EnableIRQ  stm32f1xx_hal_cortex.o
    0x080020b6   0x080020b6   0x00000002   PAD
    0x080020b8   0x080020b8   0x00000040   Code   RO         1315    i.HAL_NVIC_SetPriority  stm32f1xx_hal_cortex.o
    0x080020f8   0x080020f8   0x00000024   Code   RO         1316    i.HAL_NVIC_SetPriorityGrouping  stm32f1xx_hal_cortex.o
    0x0800211c   0x0800211c   0x000000a4   Code   RO         1110    i.HAL_RCCEx_GetPeriphCLKFreq  stm32f1xx_hal_rcc_ex.o
    0x080021c0   0x080021c0   0x000000ec   Code   RO         1111    i.HAL_RCCEx_PeriphCLKConfig  stm32f1xx_hal_rcc_ex.o
    0x080022ac   0x080022ac   0x0000012c   Code   RO         1007    i.HAL_RCC_ClockConfig  stm32f1xx_hal_rcc.o
    0x080023d8   0x080023d8   0x00000020   Code   RO         1014    i.HAL_RCC_GetPCLK1Freq  stm32f1xx_hal_rcc.o
    0x080023f8   0x080023f8   0x00000020   Code   RO         1015    i.HAL_RCC_GetPCLK2Freq  stm32f1xx_hal_rcc.o
    0x08002418   0x08002418   0x0000004c   Code   RO         1016    i.HAL_RCC_GetSysClockFreq  stm32f1xx_hal_rcc.o
    0x08002464   0x08002464   0x00000320   Code   RO         1019    i.HAL_RCC_OscConfig  stm32f1xx_hal_rcc.o
    0x08002784   0x08002784   0x00000028   Code   RO         1320    i.HAL_SYSTICK_Config  stm32f1xx_hal_cortex.o
    0x080027ac   0x080027ac   0x00000002   Code   RO         2952    i.HAL_TIMEx_BreakCallback  stm32f1xx_hal_tim_ex.o
    0x080027ae   0x080027ae   0x00000002   Code   RO         2953    i.HAL_TIMEx_CommutCallback  stm32f1xx_hal_tim_ex.o
    0x080027b0   0x080027b0   0x00000054   Code   RO         2955    i.HAL_TIMEx_ConfigBreakDeadTime  stm32f1xx_hal_tim_ex.o
    0x08002804   0x08002804   0x00000068   Code   RO         2971    i.HAL_TIMEx_MasterConfigSynchronization  stm32f1xx_hal_tim_ex.o
    0x0800286c   0x0800286c   0x0000005a   Code   RO         2248    i.HAL_TIM_Base_Init  stm32f1xx_hal_tim.o
    0x080028c6   0x080028c6   0x00000002   PAD
    0x080028c8   0x080028c8   0x00000038   Code   RO          292    i.HAL_TIM_Base_MspInit  tim.o
    0x08002900   0x08002900   0x00000058   Code   RO         2253    i.HAL_TIM_Base_Start_IT  stm32f1xx_hal_tim.o
    0x08002958   0x08002958   0x000000dc   Code   RO         2257    i.HAL_TIM_ConfigClockSource  stm32f1xx_hal_tim.o
    0x08002a34   0x08002a34   0x00000002   Code   RO         2282    i.HAL_TIM_IC_CaptureCallback  stm32f1xx_hal_tim.o
    0x08002a36   0x08002a36   0x00000130   Code   RO         2296    i.HAL_TIM_IRQHandler  stm32f1xx_hal_tim.o
    0x08002b66   0x08002b66   0x00000002   PAD
    0x08002b68   0x08002b68   0x0000004c   Code   RO          293    i.HAL_TIM_MspPostInit  tim.o
    0x08002bb4   0x08002bb4   0x00000002   Code   RO         2299    i.HAL_TIM_OC_DelayElapsedCallback  stm32f1xx_hal_tim.o
    0x08002bb6   0x08002bb6   0x000000cc   Code   RO         2320    i.HAL_TIM_PWM_ConfigChannel  stm32f1xx_hal_tim.o
    0x08002c82   0x08002c82   0x0000005a   Code   RO         2323    i.HAL_TIM_PWM_Init  stm32f1xx_hal_tim.o
    0x08002cdc   0x08002cdc   0x00000028   Code   RO          295    i.HAL_TIM_PWM_MspInit  tim.o
    0x08002d04   0x08002d04   0x00000002   Code   RO         2326    i.HAL_TIM_PWM_PulseFinishedCallback  stm32f1xx_hal_tim.o
    0x08002d06   0x08002d06   0x00000002   PAD
    0x08002d08   0x08002d08   0x0000009c   Code   RO         2328    i.HAL_TIM_PWM_Start  stm32f1xx_hal_tim.o
    0x08002da4   0x08002da4   0x00000040   Code   RO         4095    i.HAL_TIM_PeriodElapsedCallback  time_handle.o
    0x08002de4   0x08002de4   0x00000002   Code   RO         2339    i.HAL_TIM_TriggerCallback  stm32f1xx_hal_tim.o
    0x08002de6   0x08002de6   0x00000002   Code   RO         3231    i.HAL_UARTEx_RxEventCallback  stm32f1xx_hal_uart.o
    0x08002de8   0x08002de8   0x00000002   Code   RO         3245    i.HAL_UART_ErrorCallback  stm32f1xx_hal_uart.o
    0x08002dea   0x08002dea   0x00000002   PAD
    0x08002dec   0x08002dec   0x0000026c   Code   RO         3248    i.HAL_UART_IRQHandler  stm32f1xx_hal_uart.o
    0x08003058   0x08003058   0x00000064   Code   RO         3249    i.HAL_UART_Init     stm32f1xx_hal_uart.o
    0x080030bc   0x080030bc   0x000000cc   Code   RO          358    i.HAL_UART_MspInit  usart.o
    0x08003188   0x08003188   0x000000b0   Code   RO         3252    i.HAL_UART_Receive  stm32f1xx_hal_uart.o
    0x08003238   0x08003238   0x00000002   Code   RO         3255    i.HAL_UART_RxCpltCallback  stm32f1xx_hal_uart.o
    0x0800323a   0x0800323a   0x000000a0   Code   RO         3257    i.HAL_UART_Transmit  stm32f1xx_hal_uart.o
    0x080032da   0x080032da   0x00000002   Code   RO         3260    i.HAL_UART_TxCpltCallback  stm32f1xx_hal_uart.o
    0x080032dc   0x080032dc   0x00000002   Code   RO          407    i.HardFault_Handler  stm32f1xx_it.o
    0x080032de   0x080032de   0x0000002e   Code   RO         1863    i.I2C_IsAcknowledgeFailed  stm32f1xx_hal_i2c.o
    0x0800330c   0x0800330c   0x000000ec   Code   RO         1866    i.I2C_MasterRequestRead  stm32f1xx_hal_i2c.o
    0x080033f8   0x080033f8   0x0000009c   Code   RO         1867    i.I2C_MasterRequestWrite  stm32f1xx_hal_i2c.o
    0x08003494   0x08003494   0x00000056   Code   RO         1878    i.I2C_WaitOnBTFFlagUntilTimeout  stm32f1xx_hal_i2c.o
    0x080034ea   0x080034ea   0x00000002   PAD
    0x080034ec   0x080034ec   0x00000090   Code   RO         1879    i.I2C_WaitOnFlagUntilTimeout  stm32f1xx_hal_i2c.o
    0x0800357c   0x0800357c   0x000000bc   Code   RO         1880    i.I2C_WaitOnMasterAddressFlagUntilTimeout  stm32f1xx_hal_i2c.o
    0x08003638   0x08003638   0x00000070   Code   RO         1881    i.I2C_WaitOnRXNEFlagUntilTimeout  stm32f1xx_hal_i2c.o
    0x080036a8   0x080036a8   0x00000056   Code   RO         1882    i.I2C_WaitOnTXEFlagUntilTimeout  stm32f1xx_hal_i2c.o
    0x080036fe   0x080036fe   0x00000064   Code   RO         3618    i.JSON_SearchConst  core_json.o
    0x08003762   0x08003762   0x00000012   Code   RO         3619    i.JSON_SearchT      core_json.o
    0x08003774   0x08003774   0x0000005e   Code   RO         3620    i.JSON_Validate     core_json.o
    0x080037d2   0x080037d2   0x00000002   PAD
    0x080037d4   0x080037d4   0x0000004c   Code   RO          197    i.MX_ADC1_Init      adc.o
    0x08003820   0x08003820   0x0000004c   Code   RO          198    i.MX_ADC2_Init      adc.o
    0x0800386c   0x0800386c   0x000000c8   Code   RO          171    i.MX_GPIO_Init      gpio.o
    0x08003934   0x08003934   0x00000040   Code   RO          245    i.MX_I2C1_Init      i2c.o
    0x08003974   0x08003974   0x00000040   Code   RO          246    i.MX_I2C2_Init      i2c.o
    0x080039b4   0x080039b4   0x000000a0   Code   RO          296    i.MX_TIM1_Init      tim.o
    0x08003a54   0x08003a54   0x00000064   Code   RO          297    i.MX_TIM2_Init      tim.o
    0x08003ab8   0x08003ab8   0x00000038   Code   RO          359    i.MX_USART1_UART_Init  usart.o
    0x08003af0   0x08003af0   0x00000038   Code   RO          360    i.MX_USART2_UART_Init  usart.o
    0x08003b28   0x08003b28   0x00000002   Code   RO          408    i.MemManage_Handler  stm32f1xx_it.o
    0x08003b2a   0x08003b2a   0x00000002   Code   RO          409    i.NMI_Handler       stm32f1xx_it.o
    0x08003b2c   0x08003b2c   0x00000048   Code   RO         3988    i.OLED_draw_point   oled.o
    0x08003b74   0x08003b74   0x000000e6   Code   RO         3989    i.OLED_init         oled.o
    0x08003c5a   0x08003c5a   0x00000002   PAD
    0x08003c5c   0x08003c5c   0x00000044   Code   RO         3991    i.OLED_printf       oled.o
    0x08003ca0   0x08003ca0   0x00000034   Code   RO         3992    i.OLED_refresh_gram  oled.o
    0x08003cd4   0x08003cd4   0x00000028   Code   RO         3993    i.OLED_set_pos      oled.o
    0x08003cfc   0x08003cfc   0x00000078   Code   RO         3994    i.OLED_show_char    oled.o
    0x08003d74   0x08003d74   0x00000036   Code   RO         3995    i.OLED_show_string  oled.o
    0x08003daa   0x08003daa   0x00000002   Code   RO          410    i.PendSV_Handler    stm32f1xx_it.o
    0x08003dac   0x08003dac   0x00000002   Code   RO          411    i.SVC_Handler       stm32f1xx_it.o
    0x08003dae   0x08003dae   0x00000004   Code   RO          412    i.SysTick_Handler   stm32f1xx_it.o
    0x08003db2   0x08003db2   0x00000078   Code   RO           14    i.SystemClock_Config  main.o
    0x08003e2a   0x08003e2a   0x00000002   Code   RO         3583    i.SystemInit        system_stm32f1xx.o
    0x08003e2c   0x08003e2c   0x0000000c   Code   RO          413    i.TIM2_IRQHandler   stm32f1xx_it.o
    0x08003e38   0x08003e38   0x00000078   Code   RO         2341    i.TIM_Base_SetConfig  stm32f1xx_hal_tim.o
    0x08003eb0   0x08003eb0   0x0000001a   Code   RO         2342    i.TIM_CCxChannelCmd  stm32f1xx_hal_tim.o
    0x08003eca   0x08003eca   0x00000014   Code   RO         2352    i.TIM_ETR_SetConfig  stm32f1xx_hal_tim.o
    0x08003ede   0x08003ede   0x00000010   Code   RO         2353    i.TIM_ITRx_SetConfig  stm32f1xx_hal_tim.o
    0x08003eee   0x08003eee   0x00000002   PAD
    0x08003ef0   0x08003ef0   0x00000050   Code   RO         2354    i.TIM_OC1_SetConfig  stm32f1xx_hal_tim.o
    0x08003f40   0x08003f40   0x00000058   Code   RO         2355    i.TIM_OC2_SetConfig  stm32f1xx_hal_tim.o
    0x08003f98   0x08003f98   0x00000058   Code   RO         2356    i.TIM_OC3_SetConfig  stm32f1xx_hal_tim.o
    0x08003ff0   0x08003ff0   0x00000044   Code   RO         2357    i.TIM_OC4_SetConfig  stm32f1xx_hal_tim.o
    0x08004034   0x08004034   0x00000022   Code   RO         2359    i.TIM_TI1_ConfigInputStage  stm32f1xx_hal_tim.o
    0x08004056   0x08004056   0x00000024   Code   RO         2361    i.TIM_TI2_ConfigInputStage  stm32f1xx_hal_tim.o
    0x0800407a   0x0800407a   0x00000010   Code   RO         3262    i.UART_DMAAbortOnError  stm32f1xx_hal_uart.o
    0x0800408a   0x0800408a   0x0000004e   Code   RO         3272    i.UART_EndRxTransfer  stm32f1xx_hal_uart.o
    0x080040d8   0x080040d8   0x000000c2   Code   RO         3274    i.UART_Receive_IT   stm32f1xx_hal_uart.o
    0x0800419a   0x0800419a   0x00000002   PAD
    0x0800419c   0x0800419c   0x000000b8   Code   RO         3275    i.UART_SetConfig    stm32f1xx_hal_uart.o
    0x08004254   0x08004254   0x00000072   Code   RO         3278    i.UART_WaitOnFlagUntilTimeout  stm32f1xx_hal_uart.o
    0x080042c6   0x080042c6   0x00000002   PAD
    0x080042c8   0x080042c8   0x00000014   Code   RO          414    i.USART2_IRQHandler  stm32f1xx_it.o
    0x080042dc   0x080042dc   0x00000002   Code   RO          415    i.UsageFault_Handler  stm32f1xx_it.o
    0x080042de   0x080042de   0x00000002   PAD
    0x080042e0   0x080042e0   0x00000020   Code   RO         4536    i.__0printf         mc_w.l(printfa.o)
    0x08004300   0x08004300   0x00000028   Code   RO         4538    i.__0sprintf        mc_w.l(printfa.o)
    0x08004328   0x08004328   0x00000024   Code   RO         4542    i.__0vsprintf       mc_w.l(printfa.o)
    0x0800434c   0x0800434c   0x00000020   Code   RO         1322    i.__NVIC_SetPriority  stm32f1xx_hal_cortex.o
    0x0800436c   0x0800436c   0x00000008   Code   RO         4619    i.__aeabi_errno_addr  mc_w.l(errno.o)
    0x08004374   0x08004374   0x0000000e   Code   RO         4686    i.__scatterload_copy  mc_w.l(handlers.o)
    0x08004382   0x08004382   0x00000002   Code   RO         4687    i.__scatterload_null  mc_w.l(handlers.o)
    0x08004384   0x08004384   0x0000000e   Code   RO         4688    i.__scatterload_zeroinit  mc_w.l(handlers.o)
    0x08004392   0x08004392   0x00000002   PAD
    0x08004394   0x08004394   0x00000184   Code   RO         4543    i._fp_digits        mc_w.l(printfa.o)
    0x08004518   0x08004518   0x000006dc   Code   RO         4544    i._printf_core      mc_w.l(printfa.o)
    0x08004bf4   0x08004bf4   0x00000024   Code   RO         4545    i._printf_post_padding  mc_w.l(printfa.o)
    0x08004c18   0x08004c18   0x0000002e   Code   RO         4546    i._printf_pre_padding  mc_w.l(printfa.o)
    0x08004c46   0x08004c46   0x0000000a   Code   RO         4548    i._sputc            mc_w.l(printfa.o)
    0x08004c50   0x08004c50   0x0000009a   Code   RO         3621    i.arraySearch       core_json.o
    0x08004cea   0x08004cea   0x0000000e   Code   RO         3764    i.delay_us          dht11.o
    0x08004cf8   0x08004cf8   0x0000005c   Code   RO         3765    i.dht11_check       dht11.o
    0x08004d54   0x08004d54   0x0000001a   Code   RO         3766    i.dht11_init        dht11.o
    0x08004d6e   0x08004d6e   0x00000002   PAD
    0x08004d70   0x08004d70   0x00000020   Code   RO         3767    i.dht11_io_in       dht11.o
    0x08004d90   0x08004d90   0x00000024   Code   RO         3768    i.dht11_io_out      dht11.o
    0x08004db4   0x08004db4   0x0000005c   Code   RO         3769    i.dht11_read_bit    dht11.o
    0x08004e10   0x08004e10   0x0000001a   Code   RO         3770    i.dht11_read_byte   dht11.o
    0x08004e2a   0x08004e2a   0x00000050   Code   RO         3771    i.dht11_read_data   dht11.o
    0x08004e7a   0x08004e7a   0x00000002   PAD
    0x08004e7c   0x08004e7c   0x00000034   Code   RO         3772    i.dht11_rst         dht11.o
    0x08004eb0   0x08004eb0   0x00000080   Code   RO         3835    i.esp8266_config_network  esp8266.o
    0x08004f30   0x08004f30   0x00000064   Code   RO         3836    i.esp8266_connect_server  esp8266.o
    0x08004f94   0x08004f94   0x000003e4   Code   RO         3837    i.esp8266_init      esp8266.o
    0x08005378   0x08005378   0x000000a0   Code   RO         3838    i.esp8266_receive_msg  esp8266.o
    0x08005418   0x08005418   0x00000070   Code   RO         3839    i.esp8266_reset     esp8266.o
    0x08005488   0x08005488   0x00000074   Code   RO         3840    i.esp8266_send_cmd  esp8266.o
    0x080054fc   0x080054fc   0x00000120   Code   RO         3841    i.esp8266_send_msg  esp8266.o
    0x0800561c   0x0800561c   0x00000018   Code   RO         4128    i.fputc             uart_printf.o
    0x08005634   0x08005634   0x00000038   Code   RO         3622    i.getType           core_json.o
    0x0800566c   0x0800566c   0x00000022   Code   RO         3623    i.hexToInt          core_json.o
    0x0800568e   0x0800568e   0x00000002   PAD
    0x08005690   0x08005690   0x00000084   Code   RO         4251    i.limit_handle      yuzhi.o
    0x08005714   0x08005714   0x00000068   Code   RO         4252    i.limit_handle2     yuzhi.o
    0x0800577c   0x0800577c   0x00000010   Code   RO         4253    i.limit_handle_init  yuzhi.o
    0x0800578c   0x0800578c   0x0000004c   Code   RO           15    i.main              main.o
    0x080057d8   0x080057d8   0x000000fc   Code   RO         3625    i.multiSearch       core_json.o
    0x080058d4   0x080058d4   0x00000098   Code   RO         3626    i.nextKeyValuePair  core_json.o
    0x0800596c   0x0800596c   0x00000064   Code   RO         3627    i.nextValue         core_json.o
    0x080059d0   0x080059d0   0x000000b0   Code   RO         3628    i.objectSearch      core_json.o
    0x08005a80   0x08005a80   0x00000028   Code   RO         3996    i.oled_write_byte   oled.o
    0x08005aa8   0x08005aa8   0x00000090   Code   RO         3842    i.parse_json_msg    esp8266.o
    0x08005b38   0x08005b38   0x0000001c   Code   RO         4155    i.set_led           led.o
    0x08005b54   0x08005b54   0x00000074   Code   RO         3629    i.skipAnyScalar     core_json.o
    0x08005bc8   0x08005bc8   0x000000a8   Code   RO         3630    i.skipCollection    core_json.o
    0x08005c70   0x08005c70   0x00000078   Code   RO         3631    i.skipDigits        core_json.o
    0x08005ce8   0x08005ce8   0x000000b2   Code   RO         3632    i.skipEscape        core_json.o
    0x08005d9a   0x08005d9a   0x0000003a   Code   RO         3633    i.skipLiteral       core_json.o
    0x08005dd4   0x08005dd4   0x000000b6   Code   RO         3634    i.skipNumber        core_json.o
    0x08005e8a   0x08005e8a   0x00000088   Code   RO         3635    i.skipObjectScalars  core_json.o
    0x08005f12   0x08005f12   0x00000070   Code   RO         3636    i.skipOneHexEscape  core_json.o
    0x08005f82   0x08005f82   0x0000005c   Code   RO         3637    i.skipScalars       core_json.o
    0x08005fde   0x08005fde   0x0000002c   Code   RO         3638    i.skipSpace         core_json.o
    0x0800600a   0x0800600a   0x00000050   Code   RO         3639    i.skipSpaceAndComma  core_json.o
    0x0800605a   0x0800605a   0x00000062   Code   RO         3640    i.skipString        core_json.o
    0x080060bc   0x080060bc   0x00000028   Code   RO         3641    i.strnEq            core_json.o
    0x080060e4   0x080060e4   0x0000000c   Code   RO         4096    i.time_slot_start   time_handle.o
    0x080060f0   0x080060f0   0x00000020   Code   RO         3843    i.uart2_receiver_clear  esp8266.o
    0x08006110   0x08006110   0x00000048   Code   RO         3844    i.uart2_receiver_handle  esp8266.o
    0x08006158   0x08006158   0x00000090   Code   RO         3940    i.user_init_program  main_program.o
    0x080061e8   0x080061e8   0x00000130   Code   RO         3941    i.user_main_program  main_program.o
    0x08006318   0x08006318   0x00000012   Data   RO         1020    .constdata          stm32f1xx_hal_rcc.o
    0x0800632a   0x0800632a   0x00000012   Data   RO         1112    .constdata          stm32f1xx_hal_rcc_ex.o
    0x0800633c   0x0800633c   0x00000010   Data   RO         3584    .constdata          system_stm32f1xx.o
    0x0800634c   0x0800634c   0x00000008   Data   RO         3585    .constdata          system_stm32f1xx.o
    0x08006354   0x08006354   0x00000874   Data   RO         3998    .constdata          oled.o
    0x08006bc8   0x08006bc8   0x00000081   Data   RO         4650    .constdata          mc_w.l(ctype_o.o)
    0x08006c49   0x08006c49   0x00000003   PAD
    0x08006c4c   0x08006c4c   0x00000004   Data   RO         4651    .constdata          mc_w.l(ctype_o.o)
    0x08006c50   0x08006c50   0x0000025f   Data   RO         3846    .conststring        esp8266.o
    0x08006eaf   0x08006eaf   0x00000001   PAD
    0x08006eb0   0x08006eb0   0x00000020   Data   RO         4684    Region$$Table       anon$$obj.o


    Execution Region RW_IRAM1 (Exec base: 0x20000000, Load base: 0x08006ed0, Size: 0x00000ce8, Max: 0x00005000, ABSOLUTE)

    Exec Addr    Load Addr    Size         Type   Attr      Idx    E Section Name        Object

    0x20000000   0x08006ed0   0x0000000c   Data   RW          857    .data               stm32f1xx_hal.o
    0x2000000c   0x08006edc   0x00000004   Data   RW         3586    .data               system_stm32f1xx.o
    0x20000010   0x08006ee0   0x00000006   Data   RW         3847    .data               esp8266.o
    0x20000016   0x08006ee6   0x00000006   Data   RW         3942    .data               main_program.o
    0x2000001c   0x08006eec   0x00000008   Data   RW         3999    .data               oled.o
    0x20000024   0x08006ef4   0x00000008   Data   RW         4097    .data               time_handle.o
    0x2000002c   0x08006efc   0x0000000c   Data   RW         4254    .data               yuzhi.o
    0x20000038   0x08006f08   0x00000004   Data   RW         4610    .data               mc_w.l(stdout.o)
    0x2000003c   0x08006f0c   0x00000004   Data   RW         4622    .data               mc_w.l(errno.o)
    0x20000040        -       0x00000060   Zero   RW          199    .bss                adc.o
    0x200000a0        -       0x000000a8   Zero   RW          247    .bss                i2c.o
    0x20000148        -       0x00000090   Zero   RW          298    .bss                tim.o
    0x200001d8        -       0x00000090   Zero   RW          361    .bss                usart.o
    0x20000268        -       0x00000200   Zero   RW         3845    .bss                esp8266.o
    0x20000468        -       0x00000480   Zero   RW         3997    .bss                oled.o
    0x200008e8        -       0x00000400   Zero   RW            1    STACK               startup_stm32f103xb.o


==============================================================================

Image component sizes


      Code (inc. data)   RO Data    RW Data    ZI Data      Debug   Object Name

       288         34          0          0         96       2134   adc.o
      2560         30          0          0          0      22650   core_json.o
       450         24          0          0          0       4651   dht11.o
      2148        940        607          6        512       9909   esp8266.o
       200         16          0          0          0        919   gpio.o
       296         48          0          0        168       2150   i2c.o
        28          6          0          0          0        422   led.o
        66          8          0          0          0       1774   light.o
       200          0          0          0          0     450532   main.o
       448        156          0          6          0       2177   main_program.o
       676         36       2164          8       1152       6224   oled.o
       164         20          0          0          0       1204   soil_humidity.o
        36          8        236          0       1024        772   startup_stm32f103xb.o
       164         28          0         12          0       5653   stm32f1xx_hal.o
      1260         54          0          0          0       6276   stm32f1xx_hal_adc.o
       198         14          0          0          0      28755   stm32f1xx_hal_cortex.o
       222          4          0          0          0       1675   stm32f1xx_hal_dma.o
       500         34          0          0          0       3391   stm32f1xx_hal_gpio.o
      2338         54          0          0          0      12214   stm32f1xx_hal_i2c.o
        60          8          0          0          0        810   stm32f1xx_hal_msp.o
      1240         84         18          0          0       4924   stm32f1xx_hal_rcc.o
       400         28         18          0          0       2377   stm32f1xx_hal_rcc_ex.o
      1736         56          0          0          0      14916   stm32f1xx_hal_tim.o
       192         12          0          0          0       3033   stm32f1xx_hal_tim_ex.o
      1650         10          0          0          0      10775   stm32f1xx_hal_uart.o
        52         10          0          0          0       4436   stm32f1xx_it.o
         2          0         24          4          0       1023   system_stm32f1xx.o
       432         40          0          0        144       3275   tim.o
        76         16          0          8          0       1580   time_handle.o
        24          4          0          0          0        444   uart_printf.o
       316         34          0          0        144       2211   usart.o
       252         24          0         12          0       1904   yuzhi.o

    ----------------------------------------------------------------------
     18716       1840       3100         56       3240     615190   Object Totals
         0          0         32          0          0          0   (incl. Generated)
        42          0          1          0          0          0   (incl. Padding)

    ----------------------------------------------------------------------

      Code (inc. data)   RO Data    RW Data    ZI Data      Debug   Library Member Name

        56          8          0          0          0         84   __0sscanf.o
        28          0          0          0          0         68   _chval.o
       812          4          0          0          0        112   _scanf.o
       332          0          0          0          0         96   _scanf_int.o
       224          0          0          0          0         96   _scanf_str.o
        64          0          0          0          0         84   _sgetc.o
       158          0          0          0          0         92   _strtoul.o
        26          0          0          0          0         80   atoi.o
         8          4        133          0          0         68   ctype_o.o
         0          0          0          0          0          0   entry.o
         0          0          0          0          0          0   entry10a.o
         0          0          0          0          0          0   entry11a.o
         8          4          0          0          0          0   entry2.o
         4          0          0          0          0          0   entry5.o
         0          0          0          0          0          0   entry7b.o
         0          0          0          0          0          0   entry8b.o
         8          4          0          0          0          0   entry9a.o
         8          4          0          4          0         68   errno.o
        30          0          0          0          0          0   handlers.o
        36          8          0          0          0         68   init.o
        18          0          0          0          0         76   isspace_o.o
         0          0          0          0          0          0   iusefp.o
        30          0          0          0          0         68   llshl.o
        36          0          0          0          0         68   llsshr.o
        32          0          0          0          0         68   llushr.o
        36          0          0          0          0        108   memseta.o
      2344        102          0          0          0        684   printfa.o
        40          8          0          0          0         84   scanf_char.o
         0          0          0          4          0          0   stdout.o
        14          0          0          0          0         68   strlen.o
        36          0          0          0          0         80   strstr.o
       112          0          0          0          0         88   strtol.o
        44          0          0          0          0         80   uidiv.o
        98          0          0          0          0         92   uldiv.o
        48          0          0          0          0         68   cdrcmple.o
        20          0          0          0          0         68   cfcmple.o
        56          0          0          0          0         88   d2f.o
       334          0          0          0          0        148   dadd.o
       222          0          0          0          0        100   ddiv.o
       186          0          0          0          0        176   depilogue.o
        48          0          0          0          0         68   dfixul.o
       228          0          0          0          0         96   dmul.o
        38          0          0          0          0         68   f2d.o
       176          0          0          0          0        140   fadd.o
       124          0          0          0          0         88   fdiv.o
       110          0          0          0          0        168   fepilogue.o
        40          0          0          0          0         68   ffixui.o
        10          0          0          0          0         68   ffltui.o
       100          0          0          0          0         76   fmul.o
        24          0          0          0          0         68   fscalb.o

    ----------------------------------------------------------------------
      6416        146        136          8          0       4036   Library Totals
        10          0          3          0          0          0   (incl. Padding)

    ----------------------------------------------------------------------

      Code (inc. data)   RO Data    RW Data    ZI Data      Debug   Library Name

      4642        146        133          8          0       2480   mc_w.l
      1764          0          0          0          0       1556   mf_w.l

    ----------------------------------------------------------------------
      6416        146        136          8          0       4036   Library Totals

    ----------------------------------------------------------------------

==============================================================================


      Code (inc. data)   RO Data    RW Data    ZI Data      Debug   

     25132       1986       3236         64       3240     608302   Grand Totals
     25132       1986       3236         64       3240     608302   ELF Image Totals
     25132       1986       3236         64          0          0   ROM Totals

==============================================================================

    Total RO  Size (Code + RO Data)                28368 (  27.70kB)
    Total RW  Size (RW Data + ZI Data)              3304 (   3.23kB)
    Total ROM Size (Code + RO Data + RW Data)      28432 (  27.77kB)

==============================================================================

